Archive member included because of file (symbol)

/usr/lib/gcc/avr/4.6.1/avr5/libgcc.a(_exit.o)
                              /usr/lib/gcc/avr/4.6.1/../../../../avr/lib/avr5/crtm328p.o (exit)
/usr/lib/gcc/avr/4.6.1/avr5/libgcc.a(_copy_data.o)
                              obj/Release/adc.o (__do_copy_data)
/usr/lib/gcc/avr/4.6.1/avr5/libgcc.a(_clear_bss.o)
                              obj/Release/adc.o (__do_clear_bss)

Allocating common symbols
Common symbol       size              file

j                   0x1               obj/Release/adc.o
average             0x1               obj/Release/adc.o
read_spot           0x2               obj/Release/adc.o
filt                0x1               obj/Release/adc.o
mcp_data            0x6               obj/Release/adc.o
input_buffer        0x2bc             obj/Release/adc.o
once                0x2               obj/Release/adc.o
adc                 0x1               obj/Release/adc.o
dig_count           0x2               obj/Release/adc.o
rollAverage         0x10              obj/Release/adc.o
kernel_stack        0x15              obj/Release/adc.o

Discarded input sections

 .stab          0x00000000      0x6cc /usr/lib/gcc/avr/4.6.1/../../../../avr/lib/avr5/crtm328p.o
 .stabstr       0x00000000       0x64 /usr/lib/gcc/avr/4.6.1/../../../../avr/lib/avr5/crtm328p.o
 .stab          0x00000000       0x60 /usr/lib/gcc/avr/4.6.1/avr5/libgcc.a(_exit.o)
 .stabstr       0x00000000       0x64 /usr/lib/gcc/avr/4.6.1/avr5/libgcc.a(_exit.o)
 .stab          0x00000000       0xa8 /usr/lib/gcc/avr/4.6.1/avr5/libgcc.a(_copy_data.o)
 .stabstr       0x00000000       0x51 /usr/lib/gcc/avr/4.6.1/avr5/libgcc.a(_copy_data.o)
 .stab          0x00000000       0x84 /usr/lib/gcc/avr/4.6.1/avr5/libgcc.a(_clear_bss.o)
 .stabstr       0x00000000       0x51 /usr/lib/gcc/avr/4.6.1/avr5/libgcc.a(_clear_bss.o)

Memory Configuration

Name             Origin             Length             Attributes
text             0x00000000         0x00020000         xr
data             0x00800060         0x0000ffa0         rw !x
eeprom           0x00810000         0x00010000         rw !x
*default*        0x00000000         0xffffffff

Linker script and memory map

Address of section .data set to 0x800100
LOAD /usr/lib/gcc/avr/4.6.1/../../../../avr/lib/avr5/crtm328p.o
LOAD obj/Release/adc.o
LOAD obj/Release/boot.o
LOAD obj/Release/button.o
LOAD obj/Release/digital.o
LOAD obj/Release/i2c.o
LOAD obj/Release/kernel.o
LOAD obj/Release/main.o
LOAD obj/Release/pwm.o
LOAD obj/Release/robot.o
LOAD obj/Release/thread.o
LOAD obj/Release/uart.o
LOAD /usr/lib/gcc/avr/4.6.1/avr5/libgcc.a
LOAD /usr/lib/gcc/avr/4.6.1/../../../../avr/lib/avr5/libm.a
LOAD /usr/lib/gcc/avr/4.6.1/avr5/libgcc.a
LOAD /usr/lib/gcc/avr/4.6.1/../../../../avr/lib/avr5/libc.a
LOAD /usr/lib/gcc/avr/4.6.1/avr5/libgcc.a

.hash
 *(.hash)

.dynsym
 *(.dynsym)

.dynstr
 *(.dynstr)

.gnu.version
 *(.gnu.version)

.gnu.version_d
 *(.gnu.version_d)

.gnu.version_r
 *(.gnu.version_r)

.rel.init
 *(.rel.init)

.rela.init
 *(.rela.init)

.rel.text
 *(.rel.text)
 *(.rel.text.*)
 *(.rel.gnu.linkonce.t*)

.rela.text
 *(.rela.text)
 *(.rela.text.*)
 *(.rela.gnu.linkonce.t*)

.rel.fini
 *(.rel.fini)

.rela.fini
 *(.rela.fini)

.rel.rodata
 *(.rel.rodata)
 *(.rel.rodata.*)
 *(.rel.gnu.linkonce.r*)

.rela.rodata
 *(.rela.rodata)
 *(.rela.rodata.*)
 *(.rela.gnu.linkonce.r*)

.rel.data
 *(.rel.data)
 *(.rel.data.*)
 *(.rel.gnu.linkonce.d*)

.rela.data
 *(.rela.data)
 *(.rela.data.*)
 *(.rela.gnu.linkonce.d*)

.rel.ctors
 *(.rel.ctors)

.rela.ctors
 *(.rela.ctors)

.rel.dtors
 *(.rel.dtors)

.rela.dtors
 *(.rela.dtors)

.rel.got
 *(.rel.got)

.rela.got
 *(.rela.got)

.rel.bss
 *(.rel.bss)

.rela.bss
 *(.rela.bss)

.rel.plt
 *(.rel.plt)

.rela.plt
 *(.rela.plt)

.text           0x00000000      0x9b2
 *(.vectors)
 .vectors       0x00000000       0x68 /usr/lib/gcc/avr/4.6.1/../../../../avr/lib/avr5/crtm328p.o
                0x00000000                __vectors
                0x00000000                __vector_default
 *(.vectors)
 *(.progmem.gcc*)
 *(.progmem*)
                0x00000068                . = ALIGN (0x2)
                0x00000068                __trampolines_start = .
 *(.trampolines)
 .trampolines   0x00000068        0x0 linker stubs
 *(.trampolines*)
                0x00000068                __trampolines_end = .
 *(.jumptables)
 *(.jumptables*)
 *(.lowtext)
 *(.lowtext*)
                0x00000068                __ctors_start = .
 *(.ctors)
                0x00000068                __ctors_end = .
                0x00000068                __dtors_start = .
 *(.dtors)
                0x00000068                __dtors_end = .
 SORT(*)(.ctors)
 SORT(*)(.dtors)
 *(.init0)
 .init0         0x00000068        0x0 /usr/lib/gcc/avr/4.6.1/../../../../avr/lib/avr5/crtm328p.o
                0x00000068                __init
 *(.init0)
 *(.init1)
 *(.init1)
 *(.init2)
 .init2         0x00000068        0xc /usr/lib/gcc/avr/4.6.1/../../../../avr/lib/avr5/crtm328p.o
 *(.init2)
 *(.init3)
 *(.init3)
 *(.init4)
 .init4         0x00000074       0x16 /usr/lib/gcc/avr/4.6.1/avr5/libgcc.a(_copy_data.o)
                0x00000074                __do_copy_data
 .init4         0x0000008a       0x10 /usr/lib/gcc/avr/4.6.1/avr5/libgcc.a(_clear_bss.o)
                0x0000008a                __do_clear_bss
 *(.init4)
 *(.init5)
 *(.init5)
 *(.init6)
 *(.init6)
 *(.init7)
 *(.init7)
 *(.init8)
 *(.init8)
 *(.init9)
 .init9         0x0000009a        0x8 /usr/lib/gcc/avr/4.6.1/../../../../avr/lib/avr5/crtm328p.o
 *(.init9)
 *(.text)
 .text          0x000000a2        0x4 /usr/lib/gcc/avr/4.6.1/../../../../avr/lib/avr5/crtm328p.o
                0x000000a2                __vector_22
                0x000000a2                __vector_1
                0x000000a2                __vector_24
                0x000000a2                __vector_12
                0x000000a2                __bad_interrupt
                0x000000a2                __vector_6
                0x000000a2                __vector_3
                0x000000a2                __vector_23
                0x000000a2                __vector_25
                0x000000a2                __vector_11
                0x000000a2                __vector_13
                0x000000a2                __vector_17
                0x000000a2                __vector_19
                0x000000a2                __vector_7
                0x000000a2                __vector_5
                0x000000a2                __vector_4
                0x000000a2                __vector_2
                0x000000a2                __vector_15
                0x000000a2                __vector_8
                0x000000a2                __vector_14
                0x000000a2                __vector_10
                0x000000a2                __vector_20
 .text          0x000000a6      0x15e obj/Release/adc.o
                0x000000a6                __vector_21
                0x000000ba                adc_start
                0x00000112                adc_stop
                0x0000011e                adc_change
 .text          0x00000204       0x32 obj/Release/boot.o
                0x00000204                bios
 .text          0x00000236      0x11e obj/Release/button.o
                0x00000236                button1_once
                0x00000244                button
                0x0000029c                check_buttons
                0x000002ea                init_buttons
                0x0000030c                __vector_9
 .text          0x00000354       0x80 obj/Release/digital.o
                0x00000354                init_out
                0x00000388                out
 .text          0x000003d4      0x166 obj/Release/i2c.o
                0x000003d4                twi_start
                0x000003e0                twi_tran
                0x00000414                twi_mcp_dac
                0x000004e8                twi_mcp_read
 .text          0x0000053a      0x102 obj/Release/kernel.o
                0x0000053a                init_kernel
                0x0000058c                kernel_core
                0x000005f4                __vector_16
 .text          0x0000063c        0x0 obj/Release/main.o
 .text          0x0000063c       0xd8 obj/Release/pwm.o
                0x00000682                pwm_setup
                0x000006b8                pwm0A
                0x000006c2                pwm0B
                0x000006cc                pwm1A
                0x000006e0                pwm1B
                0x000006f4                pwm2A
                0x00000704                pwm2B
 .text          0x00000714      0x106 obj/Release/robot.o
                0x00000714                init_sensors
                0x00000754                ultrasound_filter
 .text          0x0000081a       0x60 obj/Release/thread.o
                0x0000081a                thread0
                0x00000828                thread1
                0x00000854                thread2
                0x00000876                thread3
 .text          0x0000087a      0x126 obj/Release/uart.o
                0x0000087a                uart_start
                0x000008a2                uart_sendint
                0x000008be                uart_sendint16
                0x000008e6                uart_sendstr
                0x0000090c                uart_get
                0x0000094a                __vector_18
 .text          0x000009a0        0x0 /usr/lib/gcc/avr/4.6.1/avr5/libgcc.a(_exit.o)
 .text          0x000009a0        0x0 /usr/lib/gcc/avr/4.6.1/avr5/libgcc.a(_copy_data.o)
 .text          0x000009a0        0x0 /usr/lib/gcc/avr/4.6.1/avr5/libgcc.a(_clear_bss.o)
                0x000009a0                . = ALIGN (0x2)
 *(.text.*)
 .text.startup  0x000009a0        0xe obj/Release/main.o
                0x000009a0                main
 .text.libgcc   0x000009ae        0x0 /usr/lib/gcc/avr/4.6.1/avr5/libgcc.a(_exit.o)
 .text.libgcc   0x000009ae        0x0 /usr/lib/gcc/avr/4.6.1/avr5/libgcc.a(_copy_data.o)
 .text.libgcc   0x000009ae        0x0 /usr/lib/gcc/avr/4.6.1/avr5/libgcc.a(_clear_bss.o)
                0x000009ae                . = ALIGN (0x2)
 *(.fini9)
 .fini9         0x000009ae        0x0 /usr/lib/gcc/avr/4.6.1/avr5/libgcc.a(_exit.o)
                0x000009ae                exit
                0x000009ae                _exit
 *(.fini9)
 *(.fini8)
 *(.fini8)
 *(.fini7)
 *(.fini7)
 *(.fini6)
 *(.fini6)
 *(.fini5)
 *(.fini5)
 *(.fini4)
 *(.fini4)
 *(.fini3)
 *(.fini3)
 *(.fini2)
 *(.fini2)
 *(.fini1)
 *(.fini1)
 *(.fini0)
 .fini0         0x000009ae        0x4 /usr/lib/gcc/avr/4.6.1/avr5/libgcc.a(_exit.o)
 *(.fini0)
                0x000009b2                _etext = .

.data           0x00800100        0x0 load address 0x000009b2
                0x00800100                PROVIDE (__data_start, .)
 *(.data)
 .data          0x00800100        0x0 /usr/lib/gcc/avr/4.6.1/../../../../avr/lib/avr5/crtm328p.o
 .data          0x00800100        0x0 obj/Release/adc.o
 .data          0x00800100        0x0 obj/Release/boot.o
 .data          0x00800100        0x0 obj/Release/button.o
 .data          0x00800100        0x0 obj/Release/digital.o
 .data          0x00800100        0x0 obj/Release/i2c.o
 .data          0x00800100        0x0 obj/Release/kernel.o
 .data          0x00800100        0x0 obj/Release/main.o
 .data          0x00800100        0x0 obj/Release/pwm.o
 .data          0x00800100        0x0 obj/Release/robot.o
 .data          0x00800100        0x0 obj/Release/thread.o
 .data          0x00800100        0x0 obj/Release/uart.o
 .data          0x00800100        0x0 /usr/lib/gcc/avr/4.6.1/avr5/libgcc.a(_exit.o)
 .data          0x00800100        0x0 /usr/lib/gcc/avr/4.6.1/avr5/libgcc.a(_copy_data.o)
 .data          0x00800100        0x0 /usr/lib/gcc/avr/4.6.1/avr5/libgcc.a(_clear_bss.o)
 *(.data*)
 *(.rodata)
 *(.rodata*)
 *(.gnu.linkonce.d*)
                0x00800100                . = ALIGN (0x2)
                0x00800100                _edata = .
                0x00800100                PROVIDE (__data_end, .)

.bss            0x00800100      0x2f1
                0x00800100                PROVIDE (__bss_start, .)
 *(.bss)
 .bss           0x00800100        0x0 /usr/lib/gcc/avr/4.6.1/../../../../avr/lib/avr5/crtm328p.o
 .bss           0x00800100        0x0 obj/Release/adc.o
 .bss           0x00800100        0x0 obj/Release/boot.o
 .bss           0x00800100        0x0 obj/Release/button.o
 .bss           0x00800100        0x0 obj/Release/digital.o
 .bss           0x00800100        0x0 obj/Release/i2c.o
 .bss           0x00800100        0x0 obj/Release/kernel.o
 .bss           0x00800100        0x0 obj/Release/main.o
 .bss           0x00800100        0x0 obj/Release/pwm.o
 .bss           0x00800100        0x0 obj/Release/robot.o
 .bss           0x00800100        0x0 obj/Release/thread.o
 .bss           0x00800100        0x0 obj/Release/uart.o
 .bss           0x00800100        0x0 /usr/lib/gcc/avr/4.6.1/avr5/libgcc.a(_exit.o)
 .bss           0x00800100        0x0 /usr/lib/gcc/avr/4.6.1/avr5/libgcc.a(_copy_data.o)
 .bss           0x00800100        0x0 /usr/lib/gcc/avr/4.6.1/avr5/libgcc.a(_clear_bss.o)
 *(.bss*)
 *(COMMON)
 COMMON         0x00800100      0x2f1 obj/Release/adc.o
                0x00800100                j
                0x00800101                average
                0x00800102                read_spot
                0x00800104                filt
                0x00800105                mcp_data
                0x0080010b                input_buffer
                0x008003c7                once
                0x008003c9                adc
                0x008003ca                dig_count
                0x008003cc                rollAverage
                0x008003dc                kernel_stack
                0x008003f1                PROVIDE (__bss_end, .)
                0x000009b2                __data_load_start = LOADADDR (.data)
                0x000009b2                __data_load_end = (__data_load_start + SIZEOF (.data))

.noinit         0x008003f1        0x0
                0x008003f1                PROVIDE (__noinit_start, .)
 *(.noinit*)
                0x008003f1                PROVIDE (__noinit_end, .)
                0x008003f1                _end = .
                0x008003f1                PROVIDE (__heap_start, .)

.eeprom         0x00810000        0x0
 *(.eeprom*)
                0x00810000                __eeprom_end = .

.stab
 *(.stab)

.stabstr
 *(.stabstr)

.stab.excl
 *(.stab.excl)

.stab.exclstr
 *(.stab.exclstr)

.stab.index
 *(.stab.index)

.stab.indexstr
 *(.stab.indexstr)

.comment
 *(.comment)

.debug
 *(.debug)

.line
 *(.line)

.debug_srcinfo
 *(.debug_srcinfo)

.debug_sfnames
 *(.debug_sfnames)

.debug_aranges
 *(.debug_aranges)

.debug_pubnames
 *(.debug_pubnames)

.debug_info
 *(.debug_info)
 *(.gnu.linkonce.wi.*)

.debug_abbrev
 *(.debug_abbrev)

.debug_line
 *(.debug_line)

.debug_frame
 *(.debug_frame)

.debug_str
 *(.debug_str)

.debug_loc
 *(.debug_loc)

.debug_macinfo
 *(.debug_macinfo)
OUTPUT(bin/Release/dev-board.elf elf32-avr)
LOAD linker stubs

Cross Reference Table

Symbol                                            File
__bad_interrupt                                   /usr/lib/gcc/avr/4.6.1/../../../../avr/lib/avr5/crtm328p.o
__bss_end                                         /usr/lib/gcc/avr/4.6.1/avr5/libgcc.a(_clear_bss.o)
__bss_start                                       /usr/lib/gcc/avr/4.6.1/avr5/libgcc.a(_clear_bss.o)
__data_end                                        /usr/lib/gcc/avr/4.6.1/avr5/libgcc.a(_copy_data.o)
__data_load_start                                 /usr/lib/gcc/avr/4.6.1/avr5/libgcc.a(_copy_data.o)
__data_start                                      /usr/lib/gcc/avr/4.6.1/avr5/libgcc.a(_copy_data.o)
__do_clear_bss                                    /usr/lib/gcc/avr/4.6.1/avr5/libgcc.a(_clear_bss.o)
                                                  obj/Release/uart.o
                                                  obj/Release/thread.o
                                                  obj/Release/robot.o
                                                  obj/Release/pwm.o
                                                  obj/Release/main.o
                                                  obj/Release/kernel.o
                                                  obj/Release/i2c.o
                                                  obj/Release/digital.o
                                                  obj/Release/button.o
                                                  obj/Release/boot.o
                                                  obj/Release/adc.o
__do_copy_data                                    /usr/lib/gcc/avr/4.6.1/avr5/libgcc.a(_copy_data.o)
                                                  obj/Release/uart.o
                                                  obj/Release/thread.o
                                                  obj/Release/robot.o
                                                  obj/Release/pwm.o
                                                  obj/Release/main.o
                                                  obj/Release/kernel.o
                                                  obj/Release/i2c.o
                                                  obj/Release/digital.o
                                                  obj/Release/button.o
                                                  obj/Release/boot.o
                                                  obj/Release/adc.o
__heap_end                                        /usr/lib/gcc/avr/4.6.1/../../../../avr/lib/avr5/crtm328p.o
__init                                            /usr/lib/gcc/avr/4.6.1/../../../../avr/lib/avr5/crtm328p.o
__stack                                           /usr/lib/gcc/avr/4.6.1/../../../../avr/lib/avr5/crtm328p.o
__vector_1                                        /usr/lib/gcc/avr/4.6.1/../../../../avr/lib/avr5/crtm328p.o
__vector_10                                       /usr/lib/gcc/avr/4.6.1/../../../../avr/lib/avr5/crtm328p.o
__vector_11                                       /usr/lib/gcc/avr/4.6.1/../../../../avr/lib/avr5/crtm328p.o
__vector_12                                       /usr/lib/gcc/avr/4.6.1/../../../../avr/lib/avr5/crtm328p.o
__vector_13                                       /usr/lib/gcc/avr/4.6.1/../../../../avr/lib/avr5/crtm328p.o
__vector_14                                       /usr/lib/gcc/avr/4.6.1/../../../../avr/lib/avr5/crtm328p.o
__vector_15                                       /usr/lib/gcc/avr/4.6.1/../../../../avr/lib/avr5/crtm328p.o
__vector_16                                       obj/Release/kernel.o
                                                  /usr/lib/gcc/avr/4.6.1/../../../../avr/lib/avr5/crtm328p.o
__vector_17                                       /usr/lib/gcc/avr/4.6.1/../../../../avr/lib/avr5/crtm328p.o
__vector_18                                       obj/Release/uart.o
                                                  /usr/lib/gcc/avr/4.6.1/../../../../avr/lib/avr5/crtm328p.o
__vector_19                                       /usr/lib/gcc/avr/4.6.1/../../../../avr/lib/avr5/crtm328p.o
__vector_2                                        /usr/lib/gcc/avr/4.6.1/../../../../avr/lib/avr5/crtm328p.o
__vector_20                                       /usr/lib/gcc/avr/4.6.1/../../../../avr/lib/avr5/crtm328p.o
__vector_21                                       obj/Release/adc.o
                                                  /usr/lib/gcc/avr/4.6.1/../../../../avr/lib/avr5/crtm328p.o
__vector_22                                       /usr/lib/gcc/avr/4.6.1/../../../../avr/lib/avr5/crtm328p.o
__vector_23                                       /usr/lib/gcc/avr/4.6.1/../../../../avr/lib/avr5/crtm328p.o
__vector_24                                       /usr/lib/gcc/avr/4.6.1/../../../../avr/lib/avr5/crtm328p.o
__vector_25                                       /usr/lib/gcc/avr/4.6.1/../../../../avr/lib/avr5/crtm328p.o
__vector_3                                        /usr/lib/gcc/avr/4.6.1/../../../../avr/lib/avr5/crtm328p.o
__vector_4                                        /usr/lib/gcc/avr/4.6.1/../../../../avr/lib/avr5/crtm328p.o
__vector_5                                        /usr/lib/gcc/avr/4.6.1/../../../../avr/lib/avr5/crtm328p.o
__vector_6                                        /usr/lib/gcc/avr/4.6.1/../../../../avr/lib/avr5/crtm328p.o
__vector_7                                        /usr/lib/gcc/avr/4.6.1/../../../../avr/lib/avr5/crtm328p.o
__vector_8                                        /usr/lib/gcc/avr/4.6.1/../../../../avr/lib/avr5/crtm328p.o
__vector_9                                        obj/Release/button.o
                                                  /usr/lib/gcc/avr/4.6.1/../../../../avr/lib/avr5/crtm328p.o
__vector_default                                  /usr/lib/gcc/avr/4.6.1/../../../../avr/lib/avr5/crtm328p.o
__vectors                                         /usr/lib/gcc/avr/4.6.1/../../../../avr/lib/avr5/crtm328p.o
_exit                                             /usr/lib/gcc/avr/4.6.1/avr5/libgcc.a(_exit.o)
adc                                               obj/Release/uart.o
                                                  obj/Release/thread.o
                                                  obj/Release/robot.o
                                                  obj/Release/pwm.o
                                                  obj/Release/main.o
                                                  obj/Release/kernel.o
                                                  obj/Release/i2c.o
                                                  obj/Release/digital.o
                                                  obj/Release/button.o
                                                  obj/Release/boot.o
                                                  obj/Release/adc.o
adc_change                                        obj/Release/adc.o
adc_start                                         obj/Release/adc.o
                                                  obj/Release/boot.o
adc_stop                                          obj/Release/adc.o
average                                           obj/Release/uart.o
                                                  obj/Release/thread.o
                                                  obj/Release/robot.o
                                                  obj/Release/pwm.o
                                                  obj/Release/main.o
                                                  obj/Release/kernel.o
                                                  obj/Release/i2c.o
                                                  obj/Release/digital.o
                                                  obj/Release/button.o
                                                  obj/Release/boot.o
                                                  obj/Release/adc.o
bios                                              obj/Release/boot.o
                                                  obj/Release/main.o
button                                            obj/Release/button.o
button1_once                                      obj/Release/button.o
check_buttons                                     obj/Release/button.o
dig_count                                         obj/Release/uart.o
                                                  obj/Release/thread.o
                                                  obj/Release/robot.o
                                                  obj/Release/pwm.o
                                                  obj/Release/main.o
                                                  obj/Release/kernel.o
                                                  obj/Release/i2c.o
                                                  obj/Release/digital.o
                                                  obj/Release/button.o
                                                  obj/Release/boot.o
                                                  obj/Release/adc.o
exit                                              /usr/lib/gcc/avr/4.6.1/avr5/libgcc.a(_exit.o)
                                                  /usr/lib/gcc/avr/4.6.1/../../../../avr/lib/avr5/crtm328p.o
filt                                              obj/Release/uart.o
                                                  obj/Release/thread.o
                                                  obj/Release/robot.o
                                                  obj/Release/pwm.o
                                                  obj/Release/main.o
                                                  obj/Release/kernel.o
                                                  obj/Release/i2c.o
                                                  obj/Release/digital.o
                                                  obj/Release/button.o
                                                  obj/Release/boot.o
                                                  obj/Release/adc.o
init_buttons                                      obj/Release/button.o
                                                  obj/Release/main.o
                                                  obj/Release/boot.o
init_kernel                                       obj/Release/kernel.o
                                                  obj/Release/main.o
                                                  obj/Release/boot.o
init_out                                          obj/Release/digital.o
                                                  obj/Release/robot.o
init_sensors                                      obj/Release/robot.o
                                                  obj/Release/boot.o
input_buffer                                      obj/Release/uart.o
                                                  obj/Release/thread.o
                                                  obj/Release/robot.o
                                                  obj/Release/pwm.o
                                                  obj/Release/main.o
                                                  obj/Release/kernel.o
                                                  obj/Release/i2c.o
                                                  obj/Release/digital.o
                                                  obj/Release/button.o
                                                  obj/Release/boot.o
                                                  obj/Release/adc.o
j                                                 obj/Release/uart.o
                                                  obj/Release/thread.o
                                                  obj/Release/robot.o
                                                  obj/Release/pwm.o
                                                  obj/Release/main.o
                                                  obj/Release/kernel.o
                                                  obj/Release/i2c.o
                                                  obj/Release/digital.o
                                                  obj/Release/button.o
                                                  obj/Release/boot.o
                                                  obj/Release/adc.o
kernel_core                                       obj/Release/kernel.o
kernel_stack                                      obj/Release/uart.o
                                                  obj/Release/thread.o
                                                  obj/Release/robot.o
                                                  obj/Release/pwm.o
                                                  obj/Release/main.o
                                                  obj/Release/kernel.o
                                                  obj/Release/i2c.o
                                                  obj/Release/digital.o
                                                  obj/Release/button.o
                                                  obj/Release/boot.o
                                                  obj/Release/adc.o
main                                              obj/Release/main.o
                                                  /usr/lib/gcc/avr/4.6.1/../../../../avr/lib/avr5/crtm328p.o
mcp_data                                          obj/Release/uart.o
                                                  obj/Release/thread.o
                                                  obj/Release/robot.o
                                                  obj/Release/pwm.o
                                                  obj/Release/main.o
                                                  obj/Release/kernel.o
                                                  obj/Release/i2c.o
                                                  obj/Release/digital.o
                                                  obj/Release/button.o
                                                  obj/Release/boot.o
                                                  obj/Release/adc.o
once                                              obj/Release/uart.o
                                                  obj/Release/thread.o
                                                  obj/Release/robot.o
                                                  obj/Release/pwm.o
                                                  obj/Release/main.o
                                                  obj/Release/kernel.o
                                                  obj/Release/i2c.o
                                                  obj/Release/digital.o
                                                  obj/Release/button.o
                                                  obj/Release/boot.o
                                                  obj/Release/adc.o
out                                               obj/Release/digital.o
                                                  obj/Release/thread.o
                                                  obj/Release/button.o
pwm0A                                             obj/Release/pwm.o
pwm0B                                             obj/Release/pwm.o
pwm1A                                             obj/Release/pwm.o
                                                  obj/Release/thread.o
pwm1B                                             obj/Release/pwm.o
pwm2A                                             obj/Release/pwm.o
pwm2B                                             obj/Release/pwm.o
pwm_setup                                         obj/Release/pwm.o
                                                  obj/Release/boot.o
read_spot                                         obj/Release/uart.o
                                                  obj/Release/thread.o
                                                  obj/Release/robot.o
                                                  obj/Release/pwm.o
                                                  obj/Release/main.o
                                                  obj/Release/kernel.o
                                                  obj/Release/i2c.o
                                                  obj/Release/digital.o
                                                  obj/Release/button.o
                                                  obj/Release/boot.o
                                                  obj/Release/adc.o
rollAverage                                       obj/Release/uart.o
                                                  obj/Release/thread.o
                                                  obj/Release/robot.o
                                                  obj/Release/pwm.o
                                                  obj/Release/main.o
                                                  obj/Release/kernel.o
                                                  obj/Release/i2c.o
                                                  obj/Release/digital.o
                                                  obj/Release/button.o
                                                  obj/Release/boot.o
                                                  obj/Release/adc.o
thread0                                           obj/Release/thread.o
                                                  obj/Release/kernel.o
thread1                                           obj/Release/thread.o
                                                  obj/Release/kernel.o
thread2                                           obj/Release/thread.o
                                                  obj/Release/kernel.o
thread3                                           obj/Release/thread.o
                                                  obj/Release/kernel.o
twi_mcp_dac                                       obj/Release/i2c.o
twi_mcp_read                                      obj/Release/i2c.o
twi_start                                         obj/Release/i2c.o
                                                  obj/Release/boot.o
twi_tran                                          obj/Release/i2c.o
uart_get                                          obj/Release/uart.o
uart_sendint                                      obj/Release/uart.o
uart_sendint16                                    obj/Release/uart.o
uart_sendstr                                      obj/Release/uart.o
uart_start                                        obj/Release/uart.o
                                                  obj/Release/boot.o
ultrasound_filter                                 obj/Release/robot.o
