Archive member included because of file (symbol)

/usr/lib/gcc/avr/4.6.1/avr5/libgcc.a(_exit.o)
                              /usr/lib/gcc/avr/4.6.1/../../../../avr/lib/avr5/crtm328p.o (exit)
/usr/lib/gcc/avr/4.6.1/avr5/libgcc.a(_copy_data.o)
                              obj/Release/adc.o (__do_copy_data)
/usr/lib/gcc/avr/4.6.1/avr5/libgcc.a(_clear_bss.o)
                              obj/Release/adc.o (__do_clear_bss)
/usr/lib/gcc/avr/4.6.1/avr5/libgcc.a(_addsub_sf.o)
                              obj/Release/kernel.o (__addsf3)
/usr/lib/gcc/avr/4.6.1/avr5/libgcc.a(_ge_sf.o)
                              obj/Release/kernel.o (__gesf2)
/usr/lib/gcc/avr/4.6.1/avr5/libgcc.a(_thenan_sf.o)
                              /usr/lib/gcc/avr/4.6.1/avr5/libgcc.a(_addsub_sf.o) (__thenan_sf)
/usr/lib/gcc/avr/4.6.1/avr5/libgcc.a(_prologue.o)
                              /usr/lib/gcc/avr/4.6.1/avr5/libgcc.a(_addsub_sf.o) (__prologue_saves__)
/usr/lib/gcc/avr/4.6.1/avr5/libgcc.a(_epilogue.o)
                              /usr/lib/gcc/avr/4.6.1/avr5/libgcc.a(_addsub_sf.o) (__epilogue_restores__)
/usr/lib/gcc/avr/4.6.1/avr5/libgcc.a(_pack_sf.o)
                              /usr/lib/gcc/avr/4.6.1/avr5/libgcc.a(_addsub_sf.o) (__pack_f)
/usr/lib/gcc/avr/4.6.1/avr5/libgcc.a(_unpack_sf.o)
                              /usr/lib/gcc/avr/4.6.1/avr5/libgcc.a(_addsub_sf.o) (__unpack_f)
/usr/lib/gcc/avr/4.6.1/avr5/libgcc.a(_fpcmp_parts_sf.o)
                              /usr/lib/gcc/avr/4.6.1/avr5/libgcc.a(_ge_sf.o) (__fpcmp_parts_f)

Allocating common symbols
Common symbol       size              file

j                   0x1               obj/Release/adc.o
average             0x1               obj/Release/adc.o
read_spot           0x2               obj/Release/adc.o
filt                0x1               obj/Release/adc.o
mcp_data            0x6               obj/Release/adc.o
led                 0x1               obj/Release/adc.o
input_buffer        0x2bc             obj/Release/adc.o
once                0x3               obj/Release/adc.o
adc                 0x1               obj/Release/adc.o
countmax            0x4               obj/Release/adc.o
dig_count           0x3               obj/Release/adc.o
rollAverage         0x10              obj/Release/adc.o
kernel_stack        0x11              obj/Release/adc.o

Discarded input sections

 .stab          0x00000000      0x6cc /usr/lib/gcc/avr/4.6.1/../../../../avr/lib/avr5/crtm328p.o
 .stabstr       0x00000000       0x64 /usr/lib/gcc/avr/4.6.1/../../../../avr/lib/avr5/crtm328p.o
 .stab          0x00000000       0x60 /usr/lib/gcc/avr/4.6.1/avr5/libgcc.a(_exit.o)
 .stabstr       0x00000000       0x64 /usr/lib/gcc/avr/4.6.1/avr5/libgcc.a(_exit.o)
 .stab          0x00000000       0xa8 /usr/lib/gcc/avr/4.6.1/avr5/libgcc.a(_copy_data.o)
 .stabstr       0x00000000       0x51 /usr/lib/gcc/avr/4.6.1/avr5/libgcc.a(_copy_data.o)
 .stab          0x00000000       0x84 /usr/lib/gcc/avr/4.6.1/avr5/libgcc.a(_clear_bss.o)
 .stabstr       0x00000000       0x51 /usr/lib/gcc/avr/4.6.1/avr5/libgcc.a(_clear_bss.o)
 .stab          0x00000000      0x858 /usr/lib/gcc/avr/4.6.1/avr5/libgcc.a(_addsub_sf.o)
 .stabstr       0x00000000     0x4ebe /usr/lib/gcc/avr/4.6.1/avr5/libgcc.a(_addsub_sf.o)
 .stab          0x00000000      0x438 /usr/lib/gcc/avr/4.6.1/avr5/libgcc.a(_ge_sf.o)
 .stabstr       0x00000000     0x4da9 /usr/lib/gcc/avr/4.6.1/avr5/libgcc.a(_ge_sf.o)
 .stab          0x00000000      0x33c /usr/lib/gcc/avr/4.6.1/avr5/libgcc.a(_thenan_sf.o)
 .stabstr       0x00000000     0x4d73 /usr/lib/gcc/avr/4.6.1/avr5/libgcc.a(_thenan_sf.o)
 .stab          0x00000000      0x198 /usr/lib/gcc/avr/4.6.1/avr5/libgcc.a(_prologue.o)
 .stabstr       0x00000000       0x71 /usr/lib/gcc/avr/4.6.1/avr5/libgcc.a(_prologue.o)
 .stab          0x00000000      0x198 /usr/lib/gcc/avr/4.6.1/avr5/libgcc.a(_epilogue.o)
 .stabstr       0x00000000       0x74 /usr/lib/gcc/avr/4.6.1/avr5/libgcc.a(_epilogue.o)
 .stab          0x00000000      0x594 /usr/lib/gcc/avr/4.6.1/avr5/libgcc.a(_pack_sf.o)
 .stabstr       0x00000000     0x4d9c /usr/lib/gcc/avr/4.6.1/avr5/libgcc.a(_pack_sf.o)
 .stab          0x00000000      0x4bc /usr/lib/gcc/avr/4.6.1/avr5/libgcc.a(_unpack_sf.o)
 .stabstr       0x00000000     0x4d9d /usr/lib/gcc/avr/4.6.1/avr5/libgcc.a(_unpack_sf.o)
 .stab          0x00000000      0x4a4 /usr/lib/gcc/avr/4.6.1/avr5/libgcc.a(_fpcmp_parts_sf.o)
 .stabstr       0x00000000     0x4d8a /usr/lib/gcc/avr/4.6.1/avr5/libgcc.a(_fpcmp_parts_sf.o)

Memory Configuration

Name             Origin             Length             Attributes
text             0x00000000         0x00020000         xr
data             0x00800060         0x0000ffa0         rw !x
eeprom           0x00810000         0x00010000         rw !x
*default*        0x00000000         0xffffffff

Linker script and memory map

Address of section .data set to 0x800100
LOAD /usr/lib/gcc/avr/4.6.1/../../../../avr/lib/avr5/crtm328p.o
LOAD obj/Release/adc.o
LOAD obj/Release/boot.o
LOAD obj/Release/button.o
LOAD obj/Release/digital.o
LOAD obj/Release/i2c.o
LOAD obj/Release/kernel.o
LOAD obj/Release/main.o
LOAD obj/Release/pwm.o
LOAD obj/Release/robot.o
LOAD obj/Release/thread.o
LOAD obj/Release/uart.o
LOAD /usr/lib/gcc/avr/4.6.1/avr5/libgcc.a
LOAD /usr/lib/gcc/avr/4.6.1/../../../../avr/lib/avr5/libm.a
LOAD /usr/lib/gcc/avr/4.6.1/avr5/libgcc.a
LOAD /usr/lib/gcc/avr/4.6.1/../../../../avr/lib/avr5/libc.a
LOAD /usr/lib/gcc/avr/4.6.1/avr5/libgcc.a

.hash
 *(.hash)

.dynsym
 *(.dynsym)

.dynstr
 *(.dynstr)

.gnu.version
 *(.gnu.version)

.gnu.version_d
 *(.gnu.version_d)

.gnu.version_r
 *(.gnu.version_r)

.rel.init
 *(.rel.init)

.rela.init
 *(.rela.init)

.rel.text
 *(.rel.text)
 *(.rel.text.*)
 *(.rel.gnu.linkonce.t*)

.rela.text
 *(.rela.text)
 *(.rela.text.*)
 *(.rela.gnu.linkonce.t*)

.rel.fini
 *(.rel.fini)

.rela.fini
 *(.rela.fini)

.rel.rodata
 *(.rel.rodata)
 *(.rel.rodata.*)
 *(.rel.gnu.linkonce.r*)

.rela.rodata
 *(.rela.rodata)
 *(.rela.rodata.*)
 *(.rela.gnu.linkonce.r*)

.rel.data
 *(.rel.data)
 *(.rel.data.*)
 *(.rel.gnu.linkonce.d*)

.rela.data
 *(.rela.data)
 *(.rela.data.*)
 *(.rela.gnu.linkonce.d*)

.rel.ctors
 *(.rel.ctors)

.rela.ctors
 *(.rela.ctors)

.rel.dtors
 *(.rel.dtors)

.rela.dtors
 *(.rela.dtors)

.rel.got
 *(.rel.got)

.rela.got
 *(.rela.got)

.rel.bss
 *(.rel.bss)

.rela.bss
 *(.rela.bss)

.rel.plt
 *(.rel.plt)

.rela.plt
 *(.rela.plt)

.text           0x00000000     0x1276
 *(.vectors)
 .vectors       0x00000000       0x68 /usr/lib/gcc/avr/4.6.1/../../../../avr/lib/avr5/crtm328p.o
                0x00000000                __vectors
                0x00000000                __vector_default
 *(.vectors)
 *(.progmem.gcc*)
 *(.progmem*)
                0x00000068                . = ALIGN (0x2)
                0x00000068                __trampolines_start = .
 *(.trampolines)
 .trampolines   0x00000068        0x0 linker stubs
 *(.trampolines*)
                0x00000068                __trampolines_end = .
 *(.jumptables)
 *(.jumptables*)
 *(.lowtext)
 *(.lowtext*)
                0x00000068                __ctors_start = .
 *(.ctors)
                0x00000068                __ctors_end = .
                0x00000068                __dtors_start = .
 *(.dtors)
                0x00000068                __dtors_end = .
 SORT(*)(.ctors)
 SORT(*)(.dtors)
 *(.init0)
 .init0         0x00000068        0x0 /usr/lib/gcc/avr/4.6.1/../../../../avr/lib/avr5/crtm328p.o
                0x00000068                __init
 *(.init0)
 *(.init1)
 *(.init1)
 *(.init2)
 .init2         0x00000068        0xc /usr/lib/gcc/avr/4.6.1/../../../../avr/lib/avr5/crtm328p.o
 *(.init2)
 *(.init3)
 *(.init3)
 *(.init4)
 .init4         0x00000074       0x16 /usr/lib/gcc/avr/4.6.1/avr5/libgcc.a(_copy_data.o)
                0x00000074                __do_copy_data
 .init4         0x0000008a       0x10 /usr/lib/gcc/avr/4.6.1/avr5/libgcc.a(_clear_bss.o)
                0x0000008a                __do_clear_bss
 *(.init4)
 *(.init5)
 *(.init5)
 *(.init6)
 *(.init6)
 *(.init7)
 *(.init7)
 *(.init8)
 *(.init8)
 *(.init9)
 .init9         0x0000009a        0x8 /usr/lib/gcc/avr/4.6.1/../../../../avr/lib/avr5/crtm328p.o
 *(.init9)
 *(.text)
 .text          0x000000a2        0x4 /usr/lib/gcc/avr/4.6.1/../../../../avr/lib/avr5/crtm328p.o
                0x000000a2                __vector_22
                0x000000a2                __vector_1
                0x000000a2                __vector_24
                0x000000a2                __vector_12
                0x000000a2                __bad_interrupt
                0x000000a2                __vector_6
                0x000000a2                __vector_3
                0x000000a2                __vector_23
                0x000000a2                __vector_25
                0x000000a2                __vector_11
                0x000000a2                __vector_13
                0x000000a2                __vector_17
                0x000000a2                __vector_19
                0x000000a2                __vector_7
                0x000000a2                __vector_5
                0x000000a2                __vector_4
                0x000000a2                __vector_2
                0x000000a2                __vector_15
                0x000000a2                __vector_8
                0x000000a2                __vector_14
                0x000000a2                __vector_10
                0x000000a2                __vector_20
 .text          0x000000a6      0x164 obj/Release/adc.o
                0x000000a6                __vector_21
                0x000000ba                adc_start
                0x00000118                adc_stop
                0x00000124                adc_change
 .text          0x0000020a       0x38 obj/Release/boot.o
                0x0000020a                bios
 .text          0x00000242      0x184 obj/Release/button.o
                0x00000242                button
                0x000002b2                check_buttons
                0x00000356                init_buttons
                0x0000037e                __vector_9
 .text          0x000003c6       0x80 obj/Release/digital.o
                0x000003c6                init_out
                0x000003fa                out
 .text          0x00000446      0x16c obj/Release/i2c.o
                0x00000446                twi_start
                0x00000458                twi_tran
                0x0000048c                twi_mcp_dac
                0x00000560                twi_mcp_read
 .text          0x000005b2      0x1a0 obj/Release/kernel.o
                0x000005b2                init_kernel
                0x00000622                kernel_core
                0x0000070a                __vector_16
 .text          0x00000752        0x0 obj/Release/main.o
 .text          0x00000752       0xf4 obj/Release/pwm.o
                0x000007aa                pwm_setup
                0x000007ea                pwm0A
                0x000007f4                pwm0B
                0x000007fe                pwm1A
                0x00000812                pwm1B
                0x00000826                pwm2A
                0x00000836                pwm2B
 .text          0x00000846      0x122 obj/Release/robot.o
                0x00000846                init_sensors
                0x00000880                button1_once
                0x00000890                button2_once
                0x000008a0                button3_once
                0x000008a2                ultrasound_filter
 .text          0x00000968       0x38 obj/Release/thread.o
                0x00000968                thread0
                0x00000980                thread1
                0x0000098e                thread2
                0x00000990                thread3
                0x0000099e                thread4
 .text          0x000009a0      0x12c obj/Release/uart.o
                0x000009a0                uart_sendint
                0x000009bc                uart_start
                0x000009ea                uart_sendint16
                0x00000a12                uart_sendstr
                0x00000a38                uart_get
                0x00000a76                __vector_18
 .text          0x00000acc        0x0 /usr/lib/gcc/avr/4.6.1/avr5/libgcc.a(_exit.o)
 .text          0x00000acc        0x0 /usr/lib/gcc/avr/4.6.1/avr5/libgcc.a(_copy_data.o)
 .text          0x00000acc        0x0 /usr/lib/gcc/avr/4.6.1/avr5/libgcc.a(_clear_bss.o)
 .text          0x00000acc      0x382 /usr/lib/gcc/avr/4.6.1/avr5/libgcc.a(_addsub_sf.o)
                0x00000d76                __addsf3
                0x00000dde                __subsf3
 .text          0x00000e4e       0x62 /usr/lib/gcc/avr/4.6.1/avr5/libgcc.a(_ge_sf.o)
                0x00000e4e                __gesf2
 .text          0x00000eb0        0x0 /usr/lib/gcc/avr/4.6.1/avr5/libgcc.a(_thenan_sf.o)
 .text          0x00000eb0        0x0 /usr/lib/gcc/avr/4.6.1/avr5/libgcc.a(_prologue.o)
 .text          0x00000eb0        0x0 /usr/lib/gcc/avr/4.6.1/avr5/libgcc.a(_epilogue.o)
 .text          0x00000eb0      0x1b4 /usr/lib/gcc/avr/4.6.1/avr5/libgcc.a(_pack_sf.o)
                0x00000eb0                __pack_f
 .text          0x00001064       0xd2 /usr/lib/gcc/avr/4.6.1/avr5/libgcc.a(_unpack_sf.o)
                0x00001064                __unpack_f
 .text          0x00001136       0xba /usr/lib/gcc/avr/4.6.1/avr5/libgcc.a(_fpcmp_parts_sf.o)
                0x00001136                __fpcmp_parts_f
                0x000011f0                . = ALIGN (0x2)
 *(.text.*)
 .text.startup  0x000011f0       0x14 obj/Release/main.o
                0x000011f0                main
 .text.libgcc   0x00001204        0x0 /usr/lib/gcc/avr/4.6.1/avr5/libgcc.a(_exit.o)
 .text.libgcc   0x00001204        0x0 /usr/lib/gcc/avr/4.6.1/avr5/libgcc.a(_copy_data.o)
 .text.libgcc   0x00001204        0x0 /usr/lib/gcc/avr/4.6.1/avr5/libgcc.a(_clear_bss.o)
 .text.libgcc   0x00001204       0x38 /usr/lib/gcc/avr/4.6.1/avr5/libgcc.a(_prologue.o)
                0x00001204                __prologue_saves__
 .text.libgcc   0x0000123c       0x36 /usr/lib/gcc/avr/4.6.1/avr5/libgcc.a(_epilogue.o)
                0x0000123c                __epilogue_restores__
                0x00001272                . = ALIGN (0x2)
 *(.fini9)
 .fini9         0x00001272        0x0 /usr/lib/gcc/avr/4.6.1/avr5/libgcc.a(_exit.o)
                0x00001272                exit
                0x00001272                _exit
 *(.fini9)
 *(.fini8)
 *(.fini8)
 *(.fini7)
 *(.fini7)
 *(.fini6)
 *(.fini6)
 *(.fini5)
 *(.fini5)
 *(.fini4)
 *(.fini4)
 *(.fini3)
 *(.fini3)
 *(.fini2)
 *(.fini2)
 *(.fini1)
 *(.fini1)
 *(.fini0)
 .fini0         0x00001272        0x4 /usr/lib/gcc/avr/4.6.1/avr5/libgcc.a(_exit.o)
 *(.fini0)
                0x00001276                _etext = .

.data           0x00800100       0x14 load address 0x00001276
                0x00800100                PROVIDE (__data_start, .)
 *(.data)
 .data          0x00800100        0x0 /usr/lib/gcc/avr/4.6.1/../../../../avr/lib/avr5/crtm328p.o
 .data          0x00800100        0x0 obj/Release/adc.o
 .data          0x00800100        0x0 obj/Release/boot.o
 .data          0x00800100        0x0 obj/Release/button.o
 .data          0x00800100        0x0 obj/Release/digital.o
 .data          0x00800100        0x0 obj/Release/i2c.o
 .data          0x00800100        0xb obj/Release/kernel.o
 .data          0x0080010b        0x0 obj/Release/main.o
 .data          0x0080010b        0x0 obj/Release/pwm.o
 .data          0x0080010b        0x0 obj/Release/robot.o
 .data          0x0080010b        0x0 obj/Release/thread.o
 .data          0x0080010b        0x0 obj/Release/uart.o
 .data          0x0080010b        0x0 /usr/lib/gcc/avr/4.6.1/avr5/libgcc.a(_exit.o)
 .data          0x0080010b        0x0 /usr/lib/gcc/avr/4.6.1/avr5/libgcc.a(_copy_data.o)
 .data          0x0080010b        0x0 /usr/lib/gcc/avr/4.6.1/avr5/libgcc.a(_clear_bss.o)
 .data          0x0080010b        0x0 /usr/lib/gcc/avr/4.6.1/avr5/libgcc.a(_addsub_sf.o)
 .data          0x0080010b        0x0 /usr/lib/gcc/avr/4.6.1/avr5/libgcc.a(_ge_sf.o)
 .data          0x0080010b        0x8 /usr/lib/gcc/avr/4.6.1/avr5/libgcc.a(_thenan_sf.o)
                0x0080010b                __thenan_sf
 .data          0x00800113        0x0 /usr/lib/gcc/avr/4.6.1/avr5/libgcc.a(_prologue.o)
 .data          0x00800113        0x0 /usr/lib/gcc/avr/4.6.1/avr5/libgcc.a(_epilogue.o)
 .data          0x00800113        0x0 /usr/lib/gcc/avr/4.6.1/avr5/libgcc.a(_pack_sf.o)
 .data          0x00800113        0x0 /usr/lib/gcc/avr/4.6.1/avr5/libgcc.a(_unpack_sf.o)
 .data          0x00800113        0x0 /usr/lib/gcc/avr/4.6.1/avr5/libgcc.a(_fpcmp_parts_sf.o)
 *(.data*)
 *(.rodata)
 *(.rodata*)
 *(.gnu.linkonce.d*)
                0x00800114                . = ALIGN (0x2)
 *fill*         0x00800113        0x1 00
                0x00800114                _edata = .
                0x00800114                PROVIDE (__data_end, .)

.bss            0x00800114      0x2f4
                0x00800114                PROVIDE (__bss_start, .)
 *(.bss)
 .bss           0x00800114        0x0 /usr/lib/gcc/avr/4.6.1/../../../../avr/lib/avr5/crtm328p.o
 .bss           0x00800114        0x0 obj/Release/adc.o
 .bss           0x00800114        0x0 obj/Release/boot.o
 .bss           0x00800114        0x0 obj/Release/button.o
 .bss           0x00800114        0x0 obj/Release/digital.o
 .bss           0x00800114        0x0 obj/Release/i2c.o
 .bss           0x00800114        0x0 obj/Release/kernel.o
 .bss           0x00800114        0x0 obj/Release/main.o
 .bss           0x00800114        0x0 obj/Release/pwm.o
 .bss           0x00800114        0x0 obj/Release/robot.o
 .bss           0x00800114        0x0 obj/Release/thread.o
 .bss           0x00800114        0x0 obj/Release/uart.o
 .bss           0x00800114        0x0 /usr/lib/gcc/avr/4.6.1/avr5/libgcc.a(_exit.o)
 .bss           0x00800114        0x0 /usr/lib/gcc/avr/4.6.1/avr5/libgcc.a(_copy_data.o)
 .bss           0x00800114        0x0 /usr/lib/gcc/avr/4.6.1/avr5/libgcc.a(_clear_bss.o)
 .bss           0x00800114        0x0 /usr/lib/gcc/avr/4.6.1/avr5/libgcc.a(_addsub_sf.o)
 .bss           0x00800114        0x0 /usr/lib/gcc/avr/4.6.1/avr5/libgcc.a(_ge_sf.o)
 .bss           0x00800114        0x0 /usr/lib/gcc/avr/4.6.1/avr5/libgcc.a(_thenan_sf.o)
 .bss           0x00800114        0x0 /usr/lib/gcc/avr/4.6.1/avr5/libgcc.a(_prologue.o)
 .bss           0x00800114        0x0 /usr/lib/gcc/avr/4.6.1/avr5/libgcc.a(_epilogue.o)
 .bss           0x00800114        0x0 /usr/lib/gcc/avr/4.6.1/avr5/libgcc.a(_pack_sf.o)
 .bss           0x00800114        0x0 /usr/lib/gcc/avr/4.6.1/avr5/libgcc.a(_unpack_sf.o)
 .bss           0x00800114        0x0 /usr/lib/gcc/avr/4.6.1/avr5/libgcc.a(_fpcmp_parts_sf.o)
 *(.bss*)
 *(COMMON)
 COMMON         0x00800114      0x2f4 obj/Release/adc.o
                0x00800114                j
                0x00800115                average
                0x00800116                read_spot
                0x00800118                filt
                0x00800119                mcp_data
                0x0080011f                led
                0x00800120                input_buffer
                0x008003dc                once
                0x008003df                adc
                0x008003e0                countmax
                0x008003e4                dig_count
                0x008003e7                rollAverage
                0x008003f7                kernel_stack
                0x00800408                PROVIDE (__bss_end, .)
                0x00001276                __data_load_start = LOADADDR (.data)
                0x0000128a                __data_load_end = (__data_load_start + SIZEOF (.data))

.noinit         0x00800408        0x0
                0x00800408                PROVIDE (__noinit_start, .)
 *(.noinit*)
                0x00800408                PROVIDE (__noinit_end, .)
                0x00800408                _end = .
                0x00800408                PROVIDE (__heap_start, .)

.eeprom         0x00810000        0x0
 *(.eeprom*)
                0x00810000                __eeprom_end = .

.stab
 *(.stab)

.stabstr
 *(.stabstr)

.stab.excl
 *(.stab.excl)

.stab.exclstr
 *(.stab.exclstr)

.stab.index
 *(.stab.index)

.stab.indexstr
 *(.stab.indexstr)

.comment
 *(.comment)

.debug
 *(.debug)

.line
 *(.line)

.debug_srcinfo
 *(.debug_srcinfo)

.debug_sfnames
 *(.debug_sfnames)

.debug_aranges
 *(.debug_aranges)

.debug_pubnames
 *(.debug_pubnames)

.debug_info
 *(.debug_info)
 *(.gnu.linkonce.wi.*)

.debug_abbrev
 *(.debug_abbrev)

.debug_line
 *(.debug_line)

.debug_frame
 *(.debug_frame)

.debug_str
 *(.debug_str)

.debug_loc
 *(.debug_loc)

.debug_macinfo
 *(.debug_macinfo)
OUTPUT(bin/Release/dev-board.elf elf32-avr)
LOAD linker stubs

Cross Reference Table

Symbol                                            File
__addsf3                                          /usr/lib/gcc/avr/4.6.1/avr5/libgcc.a(_addsub_sf.o)
                                                  obj/Release/kernel.o
__bad_interrupt                                   /usr/lib/gcc/avr/4.6.1/../../../../avr/lib/avr5/crtm328p.o
__bss_end                                         /usr/lib/gcc/avr/4.6.1/avr5/libgcc.a(_clear_bss.o)
__bss_start                                       /usr/lib/gcc/avr/4.6.1/avr5/libgcc.a(_clear_bss.o)
__data_end                                        /usr/lib/gcc/avr/4.6.1/avr5/libgcc.a(_copy_data.o)
__data_load_start                                 /usr/lib/gcc/avr/4.6.1/avr5/libgcc.a(_copy_data.o)
__data_start                                      /usr/lib/gcc/avr/4.6.1/avr5/libgcc.a(_copy_data.o)
__do_clear_bss                                    /usr/lib/gcc/avr/4.6.1/avr5/libgcc.a(_clear_bss.o)
                                                  /usr/lib/gcc/avr/4.6.1/avr5/libgcc.a(_fpcmp_parts_sf.o)
                                                  /usr/lib/gcc/avr/4.6.1/avr5/libgcc.a(_unpack_sf.o)
                                                  /usr/lib/gcc/avr/4.6.1/avr5/libgcc.a(_pack_sf.o)
                                                  /usr/lib/gcc/avr/4.6.1/avr5/libgcc.a(_thenan_sf.o)
                                                  /usr/lib/gcc/avr/4.6.1/avr5/libgcc.a(_ge_sf.o)
                                                  /usr/lib/gcc/avr/4.6.1/avr5/libgcc.a(_addsub_sf.o)
                                                  obj/Release/uart.o
                                                  obj/Release/thread.o
                                                  obj/Release/robot.o
                                                  obj/Release/pwm.o
                                                  obj/Release/main.o
                                                  obj/Release/kernel.o
                                                  obj/Release/i2c.o
                                                  obj/Release/digital.o
                                                  obj/Release/button.o
                                                  obj/Release/boot.o
                                                  obj/Release/adc.o
__do_copy_data                                    /usr/lib/gcc/avr/4.6.1/avr5/libgcc.a(_copy_data.o)
                                                  /usr/lib/gcc/avr/4.6.1/avr5/libgcc.a(_fpcmp_parts_sf.o)
                                                  /usr/lib/gcc/avr/4.6.1/avr5/libgcc.a(_unpack_sf.o)
                                                  /usr/lib/gcc/avr/4.6.1/avr5/libgcc.a(_pack_sf.o)
                                                  /usr/lib/gcc/avr/4.6.1/avr5/libgcc.a(_thenan_sf.o)
                                                  /usr/lib/gcc/avr/4.6.1/avr5/libgcc.a(_ge_sf.o)
                                                  /usr/lib/gcc/avr/4.6.1/avr5/libgcc.a(_addsub_sf.o)
                                                  obj/Release/uart.o
                                                  obj/Release/thread.o
                                                  obj/Release/robot.o
                                                  obj/Release/pwm.o
                                                  obj/Release/main.o
                                                  obj/Release/kernel.o
                                                  obj/Release/i2c.o
                                                  obj/Release/digital.o
                                                  obj/Release/button.o
                                                  obj/Release/boot.o
                                                  obj/Release/adc.o
__epilogue_restores__                             /usr/lib/gcc/avr/4.6.1/avr5/libgcc.a(_epilogue.o)
                                                  /usr/lib/gcc/avr/4.6.1/avr5/libgcc.a(_ge_sf.o)
                                                  /usr/lib/gcc/avr/4.6.1/avr5/libgcc.a(_addsub_sf.o)
__fpcmp_parts_f                                   /usr/lib/gcc/avr/4.6.1/avr5/libgcc.a(_fpcmp_parts_sf.o)
                                                  /usr/lib/gcc/avr/4.6.1/avr5/libgcc.a(_ge_sf.o)
__gesf2                                           /usr/lib/gcc/avr/4.6.1/avr5/libgcc.a(_ge_sf.o)
                                                  obj/Release/kernel.o
__heap_end                                        /usr/lib/gcc/avr/4.6.1/../../../../avr/lib/avr5/crtm328p.o
__init                                            /usr/lib/gcc/avr/4.6.1/../../../../avr/lib/avr5/crtm328p.o
__pack_f                                          /usr/lib/gcc/avr/4.6.1/avr5/libgcc.a(_pack_sf.o)
                                                  /usr/lib/gcc/avr/4.6.1/avr5/libgcc.a(_addsub_sf.o)
__prologue_saves__                                /usr/lib/gcc/avr/4.6.1/avr5/libgcc.a(_prologue.o)
                                                  /usr/lib/gcc/avr/4.6.1/avr5/libgcc.a(_ge_sf.o)
                                                  /usr/lib/gcc/avr/4.6.1/avr5/libgcc.a(_addsub_sf.o)
__stack                                           /usr/lib/gcc/avr/4.6.1/../../../../avr/lib/avr5/crtm328p.o
__subsf3                                          /usr/lib/gcc/avr/4.6.1/avr5/libgcc.a(_addsub_sf.o)
__thenan_sf                                       /usr/lib/gcc/avr/4.6.1/avr5/libgcc.a(_thenan_sf.o)
                                                  /usr/lib/gcc/avr/4.6.1/avr5/libgcc.a(_addsub_sf.o)
__unpack_f                                        /usr/lib/gcc/avr/4.6.1/avr5/libgcc.a(_unpack_sf.o)
                                                  /usr/lib/gcc/avr/4.6.1/avr5/libgcc.a(_ge_sf.o)
                                                  /usr/lib/gcc/avr/4.6.1/avr5/libgcc.a(_addsub_sf.o)
__vector_1                                        /usr/lib/gcc/avr/4.6.1/../../../../avr/lib/avr5/crtm328p.o
__vector_10                                       /usr/lib/gcc/avr/4.6.1/../../../../avr/lib/avr5/crtm328p.o
__vector_11                                       /usr/lib/gcc/avr/4.6.1/../../../../avr/lib/avr5/crtm328p.o
__vector_12                                       /usr/lib/gcc/avr/4.6.1/../../../../avr/lib/avr5/crtm328p.o
__vector_13                                       /usr/lib/gcc/avr/4.6.1/../../../../avr/lib/avr5/crtm328p.o
__vector_14                                       /usr/lib/gcc/avr/4.6.1/../../../../avr/lib/avr5/crtm328p.o
__vector_15                                       /usr/lib/gcc/avr/4.6.1/../../../../avr/lib/avr5/crtm328p.o
__vector_16                                       obj/Release/kernel.o
                                                  /usr/lib/gcc/avr/4.6.1/../../../../avr/lib/avr5/crtm328p.o
__vector_17                                       /usr/lib/gcc/avr/4.6.1/../../../../avr/lib/avr5/crtm328p.o
__vector_18                                       obj/Release/uart.o
                                                  /usr/lib/gcc/avr/4.6.1/../../../../avr/lib/avr5/crtm328p.o
__vector_19                                       /usr/lib/gcc/avr/4.6.1/../../../../avr/lib/avr5/crtm328p.o
__vector_2                                        /usr/lib/gcc/avr/4.6.1/../../../../avr/lib/avr5/crtm328p.o
__vector_20                                       /usr/lib/gcc/avr/4.6.1/../../../../avr/lib/avr5/crtm328p.o
__vector_21                                       obj/Release/adc.o
                                                  /usr/lib/gcc/avr/4.6.1/../../../../avr/lib/avr5/crtm328p.o
__vector_22                                       /usr/lib/gcc/avr/4.6.1/../../../../avr/lib/avr5/crtm328p.o
__vector_23                                       /usr/lib/gcc/avr/4.6.1/../../../../avr/lib/avr5/crtm328p.o
__vector_24                                       /usr/lib/gcc/avr/4.6.1/../../../../avr/lib/avr5/crtm328p.o
__vector_25                                       /usr/lib/gcc/avr/4.6.1/../../../../avr/lib/avr5/crtm328p.o
__vector_3                                        /usr/lib/gcc/avr/4.6.1/../../../../avr/lib/avr5/crtm328p.o
__vector_4                                        /usr/lib/gcc/avr/4.6.1/../../../../avr/lib/avr5/crtm328p.o
__vector_5                                        /usr/lib/gcc/avr/4.6.1/../../../../avr/lib/avr5/crtm328p.o
__vector_6                                        /usr/lib/gcc/avr/4.6.1/../../../../avr/lib/avr5/crtm328p.o
__vector_7                                        /usr/lib/gcc/avr/4.6.1/../../../../avr/lib/avr5/crtm328p.o
__vector_8                                        /usr/lib/gcc/avr/4.6.1/../../../../avr/lib/avr5/crtm328p.o
__vector_9                                        obj/Release/button.o
                                                  /usr/lib/gcc/avr/4.6.1/../../../../avr/lib/avr5/crtm328p.o
__vector_default                                  /usr/lib/gcc/avr/4.6.1/../../../../avr/lib/avr5/crtm328p.o
__vectors                                         /usr/lib/gcc/avr/4.6.1/../../../../avr/lib/avr5/crtm328p.o
_exit                                             /usr/lib/gcc/avr/4.6.1/avr5/libgcc.a(_exit.o)
adc                                               obj/Release/uart.o
                                                  obj/Release/thread.o
                                                  obj/Release/robot.o
                                                  obj/Release/pwm.o
                                                  obj/Release/main.o
                                                  obj/Release/kernel.o
                                                  obj/Release/i2c.o
                                                  obj/Release/digital.o
                                                  obj/Release/button.o
                                                  obj/Release/boot.o
                                                  obj/Release/adc.o
adc_change                                        obj/Release/adc.o
adc_start                                         obj/Release/adc.o
                                                  obj/Release/boot.o
adc_stop                                          obj/Release/adc.o
average                                           obj/Release/uart.o
                                                  obj/Release/thread.o
                                                  obj/Release/robot.o
                                                  obj/Release/pwm.o
                                                  obj/Release/main.o
                                                  obj/Release/kernel.o
                                                  obj/Release/i2c.o
                                                  obj/Release/digital.o
                                                  obj/Release/button.o
                                                  obj/Release/boot.o
                                                  obj/Release/adc.o
bios                                              obj/Release/boot.o
                                                  obj/Release/main.o
button                                            obj/Release/button.o
button1_once                                      obj/Release/robot.o
                                                  obj/Release/button.o
button2_once                                      obj/Release/robot.o
                                                  obj/Release/button.o
button3_once                                      obj/Release/robot.o
                                                  obj/Release/button.o
check_buttons                                     obj/Release/button.o
countmax                                          obj/Release/uart.o
                                                  obj/Release/thread.o
                                                  obj/Release/robot.o
                                                  obj/Release/pwm.o
                                                  obj/Release/main.o
                                                  obj/Release/kernel.o
                                                  obj/Release/i2c.o
                                                  obj/Release/digital.o
                                                  obj/Release/button.o
                                                  obj/Release/boot.o
                                                  obj/Release/adc.o
dig_count                                         obj/Release/uart.o
                                                  obj/Release/thread.o
                                                  obj/Release/robot.o
                                                  obj/Release/pwm.o
                                                  obj/Release/main.o
                                                  obj/Release/kernel.o
                                                  obj/Release/i2c.o
                                                  obj/Release/digital.o
                                                  obj/Release/button.o
                                                  obj/Release/boot.o
                                                  obj/Release/adc.o
exit                                              /usr/lib/gcc/avr/4.6.1/avr5/libgcc.a(_exit.o)
                                                  /usr/lib/gcc/avr/4.6.1/../../../../avr/lib/avr5/crtm328p.o
filt                                              obj/Release/uart.o
                                                  obj/Release/thread.o
                                                  obj/Release/robot.o
                                                  obj/Release/pwm.o
                                                  obj/Release/main.o
                                                  obj/Release/kernel.o
                                                  obj/Release/i2c.o
                                                  obj/Release/digital.o
                                                  obj/Release/button.o
                                                  obj/Release/boot.o
                                                  obj/Release/adc.o
init_buttons                                      obj/Release/button.o
                                                  obj/Release/main.o
                                                  obj/Release/boot.o
init_kernel                                       obj/Release/kernel.o
                                                  obj/Release/main.o
                                                  obj/Release/boot.o
init_out                                          obj/Release/digital.o
                                                  obj/Release/robot.o
init_sensors                                      obj/Release/robot.o
                                                  obj/Release/boot.o
input_buffer                                      obj/Release/uart.o
                                                  obj/Release/thread.o
                                                  obj/Release/robot.o
                                                  obj/Release/pwm.o
                                                  obj/Release/main.o
                                                  obj/Release/kernel.o
                                                  obj/Release/i2c.o
                                                  obj/Release/digital.o
                                                  obj/Release/button.o
                                                  obj/Release/boot.o
                                                  obj/Release/adc.o
j                                                 obj/Release/uart.o
                                                  obj/Release/thread.o
                                                  obj/Release/robot.o
                                                  obj/Release/pwm.o
                                                  obj/Release/main.o
                                                  obj/Release/kernel.o
                                                  obj/Release/i2c.o
                                                  obj/Release/digital.o
                                                  obj/Release/button.o
                                                  obj/Release/boot.o
                                                  obj/Release/adc.o
kernel_core                                       obj/Release/kernel.o
kernel_stack                                      obj/Release/uart.o
                                                  obj/Release/thread.o
                                                  obj/Release/robot.o
                                                  obj/Release/pwm.o
                                                  obj/Release/main.o
                                                  obj/Release/kernel.o
                                                  obj/Release/i2c.o
                                                  obj/Release/digital.o
                                                  obj/Release/button.o
                                                  obj/Release/boot.o
                                                  obj/Release/adc.o
led                                               obj/Release/uart.o
                                                  obj/Release/thread.o
                                                  obj/Release/robot.o
                                                  obj/Release/pwm.o
                                                  obj/Release/main.o
                                                  obj/Release/kernel.o
                                                  obj/Release/i2c.o
                                                  obj/Release/digital.o
                                                  obj/Release/button.o
                                                  obj/Release/boot.o
                                                  obj/Release/adc.o
main                                              obj/Release/main.o
                                                  /usr/lib/gcc/avr/4.6.1/../../../../avr/lib/avr5/crtm328p.o
mcp_data                                          obj/Release/uart.o
                                                  obj/Release/thread.o
                                                  obj/Release/robot.o
                                                  obj/Release/pwm.o
                                                  obj/Release/main.o
                                                  obj/Release/kernel.o
                                                  obj/Release/i2c.o
                                                  obj/Release/digital.o
                                                  obj/Release/button.o
                                                  obj/Release/boot.o
                                                  obj/Release/adc.o
once                                              obj/Release/uart.o
                                                  obj/Release/thread.o
                                                  obj/Release/robot.o
                                                  obj/Release/pwm.o
                                                  obj/Release/main.o
                                                  obj/Release/kernel.o
                                                  obj/Release/i2c.o
                                                  obj/Release/digital.o
                                                  obj/Release/button.o
                                                  obj/Release/boot.o
                                                  obj/Release/adc.o
out                                               obj/Release/digital.o
pwm0A                                             obj/Release/pwm.o
pwm0B                                             obj/Release/pwm.o
pwm1A                                             obj/Release/pwm.o
                                                  obj/Release/thread.o
pwm1B                                             obj/Release/pwm.o
pwm2A                                             obj/Release/pwm.o
pwm2B                                             obj/Release/pwm.o
pwm_setup                                         obj/Release/pwm.o
                                                  obj/Release/boot.o
read_spot                                         obj/Release/uart.o
                                                  obj/Release/thread.o
                                                  obj/Release/robot.o
                                                  obj/Release/pwm.o
                                                  obj/Release/main.o
                                                  obj/Release/kernel.o
                                                  obj/Release/i2c.o
                                                  obj/Release/digital.o
                                                  obj/Release/button.o
                                                  obj/Release/boot.o
                                                  obj/Release/adc.o
rollAverage                                       obj/Release/uart.o
                                                  obj/Release/thread.o
                                                  obj/Release/robot.o
                                                  obj/Release/pwm.o
                                                  obj/Release/main.o
                                                  obj/Release/kernel.o
                                                  obj/Release/i2c.o
                                                  obj/Release/digital.o
                                                  obj/Release/button.o
                                                  obj/Release/boot.o
                                                  obj/Release/adc.o
thread0                                           obj/Release/thread.o
                                                  obj/Release/kernel.o
thread1                                           obj/Release/thread.o
                                                  obj/Release/kernel.o
thread2                                           obj/Release/thread.o
                                                  obj/Release/kernel.o
thread3                                           obj/Release/thread.o
                                                  obj/Release/kernel.o
thread4                                           obj/Release/thread.o
twi_mcp_dac                                       obj/Release/i2c.o
twi_mcp_read                                      obj/Release/i2c.o
twi_start                                         obj/Release/i2c.o
                                                  obj/Release/boot.o
twi_tran                                          obj/Release/i2c.o
uart_get                                          obj/Release/uart.o
uart_sendint                                      obj/Release/uart.o
                                                  obj/Release/thread.o
                                                  obj/Release/pwm.o
                                                  obj/Release/main.o
                                                  obj/Release/kernel.o
                                                  obj/Release/i2c.o
                                                  obj/Release/button.o
                                                  obj/Release/boot.o
                                                  obj/Release/adc.o
uart_sendint16                                    obj/Release/uart.o
uart_sendstr                                      obj/Release/uart.o
                                                  obj/Release/kernel.o
uart_start                                        obj/Release/uart.o
                                                  obj/Release/boot.o
ultrasound_filter                                 obj/Release/robot.o
