Archive member included because of file (symbol)

/usr/lib/gcc/avr/4.6.1/avr5/libgcc.a(_exit.o)
                              /usr/lib/gcc/avr/4.6.1/../../../../avr/lib/avr5/crtm328p.o (exit)
/usr/lib/gcc/avr/4.6.1/avr5/libgcc.a(_copy_data.o)
                              obj/Debug/adc.o (__do_copy_data)
/usr/lib/gcc/avr/4.6.1/avr5/libgcc.a(_clear_bss.o)
                              obj/Debug/adc.o (__do_clear_bss)

Allocating common symbols
Common symbol       size              file

j                   0x1               obj/Debug/adc.o
average             0x1               obj/Debug/adc.o
read_spot           0x2               obj/Debug/adc.o
filt                0x1               obj/Debug/adc.o
mcp_data            0x6               obj/Debug/adc.o
led                 0x1               obj/Debug/adc.o
input_buffer        0x2bc             obj/Debug/adc.o
once                0x3               obj/Debug/adc.o
adc                 0x1               obj/Debug/adc.o
dig_count           0x3               obj/Debug/adc.o
rollAverage         0x10              obj/Debug/adc.o
kernel_stack        0x13              obj/Debug/adc.o

Memory Configuration

Name             Origin             Length             Attributes
text             0x00000000         0x00020000         xr
data             0x00800060         0x0000ffa0         rw !x
eeprom           0x00810000         0x00010000         rw !x
*default*        0x00000000         0xffffffff

Linker script and memory map

Address of section .data set to 0x800100
LOAD /usr/lib/gcc/avr/4.6.1/../../../../avr/lib/avr5/crtm328p.o
LOAD obj/Debug/adc.o
LOAD obj/Debug/boot.o
LOAD obj/Debug/button.o
LOAD obj/Debug/digital.o
LOAD obj/Debug/i2c.o
LOAD obj/Debug/kernel.o
LOAD obj/Debug/main.o
LOAD obj/Debug/pwm.o
LOAD obj/Debug/robot.o
LOAD obj/Debug/thread.o
LOAD obj/Debug/uart.o
LOAD /usr/lib/gcc/avr/4.6.1/avr5/libgcc.a
LOAD /usr/lib/gcc/avr/4.6.1/../../../../avr/lib/avr5/libm.a
LOAD /usr/lib/gcc/avr/4.6.1/avr5/libgcc.a
LOAD /usr/lib/gcc/avr/4.6.1/../../../../avr/lib/avr5/libc.a
LOAD /usr/lib/gcc/avr/4.6.1/avr5/libgcc.a

.hash
 *(.hash)

.dynsym
 *(.dynsym)

.dynstr
 *(.dynstr)

.gnu.version
 *(.gnu.version)

.gnu.version_d
 *(.gnu.version_d)

.gnu.version_r
 *(.gnu.version_r)

.rel.init
 *(.rel.init)

.rela.init
 *(.rela.init)

.rel.text
 *(.rel.text)
 *(.rel.text.*)
 *(.rel.gnu.linkonce.t*)

.rela.text
 *(.rela.text)
 *(.rela.text.*)
 *(.rela.gnu.linkonce.t*)

.rel.fini
 *(.rel.fini)

.rela.fini
 *(.rela.fini)

.rel.rodata
 *(.rel.rodata)
 *(.rel.rodata.*)
 *(.rel.gnu.linkonce.r*)

.rela.rodata
 *(.rela.rodata)
 *(.rela.rodata.*)
 *(.rela.gnu.linkonce.r*)

.rel.data
 *(.rel.data)
 *(.rel.data.*)
 *(.rel.gnu.linkonce.d*)

.rela.data
 *(.rela.data)
 *(.rela.data.*)
 *(.rela.gnu.linkonce.d*)

.rel.ctors
 *(.rel.ctors)

.rela.ctors
 *(.rela.ctors)

.rel.dtors
 *(.rel.dtors)

.rela.dtors
 *(.rela.dtors)

.rel.got
 *(.rel.got)

.rela.got
 *(.rela.got)

.rel.bss
 *(.rel.bss)

.rela.bss
 *(.rela.bss)

.rel.plt
 *(.rel.plt)

.rela.plt
 *(.rela.plt)

.text           0x00000000     0x1518
 *(.vectors)
 .vectors       0x00000000       0x68 /usr/lib/gcc/avr/4.6.1/../../../../avr/lib/avr5/crtm328p.o
                0x00000000                __vectors
                0x00000000                __vector_default
 *(.vectors)
 *(.progmem.gcc*)
 *(.progmem*)
                0x00000068                . = ALIGN (0x2)
                0x00000068                __trampolines_start = .
 *(.trampolines)
 .trampolines   0x00000068        0x0 linker stubs
 *(.trampolines*)
                0x00000068                __trampolines_end = .
 *(.jumptables)
 *(.jumptables*)
 *(.lowtext)
 *(.lowtext*)
                0x00000068                __ctors_start = .
 *(.ctors)
                0x00000068                __ctors_end = .
                0x00000068                __dtors_start = .
 *(.dtors)
                0x00000068                __dtors_end = .
 SORT(*)(.ctors)
 SORT(*)(.dtors)
 *(.init0)
 .init0         0x00000068        0x0 /usr/lib/gcc/avr/4.6.1/../../../../avr/lib/avr5/crtm328p.o
                0x00000068                __init
 *(.init0)
 *(.init1)
 *(.init1)
 *(.init2)
 .init2         0x00000068        0xc /usr/lib/gcc/avr/4.6.1/../../../../avr/lib/avr5/crtm328p.o
 *(.init2)
 *(.init3)
 *(.init3)
 *(.init4)
 .init4         0x00000074       0x16 /usr/lib/gcc/avr/4.6.1/avr5/libgcc.a(_copy_data.o)
                0x00000074                __do_copy_data
 .init4         0x0000008a       0x10 /usr/lib/gcc/avr/4.6.1/avr5/libgcc.a(_clear_bss.o)
                0x0000008a                __do_clear_bss
 *(.init4)
 *(.init5)
 *(.init5)
 *(.init6)
 *(.init6)
 *(.init7)
 *(.init7)
 *(.init8)
 *(.init8)
 *(.init9)
 .init9         0x0000009a        0x8 /usr/lib/gcc/avr/4.6.1/../../../../avr/lib/avr5/crtm328p.o
 *(.init9)
 *(.text)
 .text          0x000000a2        0x4 /usr/lib/gcc/avr/4.6.1/../../../../avr/lib/avr5/crtm328p.o
                0x000000a2                __vector_22
                0x000000a2                __vector_1
                0x000000a2                __vector_24
                0x000000a2                __vector_12
                0x000000a2                __bad_interrupt
                0x000000a2                __vector_6
                0x000000a2                __vector_3
                0x000000a2                __vector_23
                0x000000a2                __vector_25
                0x000000a2                __vector_11
                0x000000a2                __vector_13
                0x000000a2                __vector_17
                0x000000a2                __vector_19
                0x000000a2                __vector_7
                0x000000a2                __vector_5
                0x000000a2                __vector_4
                0x000000a2                __vector_2
                0x000000a2                __vector_15
                0x000000a2                __vector_8
                0x000000a2                __vector_14
                0x000000a2                __vector_10
                0x000000a2                __vector_20
 .text          0x000000a6      0x31a obj/Debug/adc.o
                0x000000a6                __vector_21
                0x000000c6                adc_start
                0x00000170                adc_stop
                0x00000190                adc_change
 .text          0x000003c0       0x88 obj/Debug/boot.o
                0x000003c0                bios
 .text          0x00000448      0x2a8 obj/Debug/button.o
                0x00000448                button
                0x0000054a                check_buttons
                0x00000650                init_buttons
                0x0000069c                __vector_9
 .text          0x000006f0      0x15e obj/Debug/digital.o
                0x000006f0                init_out
                0x0000076e                out
 .text          0x0000084e      0x37e obj/Debug/i2c.o
                0x0000084e                twi_start
                0x0000086e                twi_tran
                0x000008d6                twi_mcp_dac
                0x00000a68                twi_mcp_read
 .text          0x00000bcc      0x212 obj/Debug/kernel.o
                0x00000bcc                init_kernel
                0x00000c4e                kernel_core
                0x00000d8a                __vector_16
 .text          0x00000dde       0x12 obj/Debug/main.o
                0x00000dde                main
 .text          0x00000df0      0x28e obj/Debug/pwm.o
                0x00000e46                pwm_setup
                0x00000f4e                pwm0A
                0x00000f7e                pwm0B
                0x00000fae                pwm1A
                0x00000fe6                pwm1B
                0x0000101e                pwm2A
                0x0000104e                pwm2B
 .text          0x0000107e      0x1ac obj/Debug/robot.o
                0x0000107e                init_sensors
                0x000010e0                button1_once
                0x00001100                button2_once
                0x00001120                button3_once
                0x0000112e                ultrasound_filter
 .text          0x0000122a       0x7a obj/Debug/thread.o
                0x0000122a                thread0
                0x00001254                thread1
                0x00001270                thread2
                0x0000127c                thread3
                0x00001298                thread4
 .text          0x000012a4      0x270 obj/Debug/uart.o
                0x000012a4                uart_start
                0x000012fa                uart_sendint
                0x0000134e                uart_sendint16
                0x000013cc                uart_sendstr
                0x00001442                uart_get
                0x0000149a                __vector_18
 .text          0x00001514        0x0 /usr/lib/gcc/avr/4.6.1/avr5/libgcc.a(_exit.o)
 .text          0x00001514        0x0 /usr/lib/gcc/avr/4.6.1/avr5/libgcc.a(_copy_data.o)
 .text          0x00001514        0x0 /usr/lib/gcc/avr/4.6.1/avr5/libgcc.a(_clear_bss.o)
                0x00001514                . = ALIGN (0x2)
 *(.text.*)
 .text.libgcc   0x00001514        0x0 /usr/lib/gcc/avr/4.6.1/avr5/libgcc.a(_exit.o)
 .text.libgcc   0x00001514        0x0 /usr/lib/gcc/avr/4.6.1/avr5/libgcc.a(_copy_data.o)
 .text.libgcc   0x00001514        0x0 /usr/lib/gcc/avr/4.6.1/avr5/libgcc.a(_clear_bss.o)
                0x00001514                . = ALIGN (0x2)
 *(.fini9)
 .fini9         0x00001514        0x0 /usr/lib/gcc/avr/4.6.1/avr5/libgcc.a(_exit.o)
                0x00001514                exit
                0x00001514                _exit
 *(.fini9)
 *(.fini8)
 *(.fini8)
 *(.fini7)
 *(.fini7)
 *(.fini6)
 *(.fini6)
 *(.fini5)
 *(.fini5)
 *(.fini4)
 *(.fini4)
 *(.fini3)
 *(.fini3)
 *(.fini2)
 *(.fini2)
 *(.fini1)
 *(.fini1)
 *(.fini0)
 .fini0         0x00001514        0x4 /usr/lib/gcc/avr/4.6.1/avr5/libgcc.a(_exit.o)
 *(.fini0)
                0x00001518                _etext = .

.data           0x00800100        0x0 load address 0x00001518
                0x00800100                PROVIDE (__data_start, .)
 *(.data)
 .data          0x00800100        0x0 /usr/lib/gcc/avr/4.6.1/../../../../avr/lib/avr5/crtm328p.o
 .data          0x00800100        0x0 obj/Debug/adc.o
 .data          0x00800100        0x0 obj/Debug/boot.o
 .data          0x00800100        0x0 obj/Debug/button.o
 .data          0x00800100        0x0 obj/Debug/digital.o
 .data          0x00800100        0x0 obj/Debug/i2c.o
 .data          0x00800100        0x0 obj/Debug/kernel.o
 .data          0x00800100        0x0 obj/Debug/main.o
 .data          0x00800100        0x0 obj/Debug/pwm.o
 .data          0x00800100        0x0 obj/Debug/robot.o
 .data          0x00800100        0x0 obj/Debug/thread.o
 .data          0x00800100        0x0 obj/Debug/uart.o
 .data          0x00800100        0x0 /usr/lib/gcc/avr/4.6.1/avr5/libgcc.a(_exit.o)
 .data          0x00800100        0x0 /usr/lib/gcc/avr/4.6.1/avr5/libgcc.a(_copy_data.o)
 .data          0x00800100        0x0 /usr/lib/gcc/avr/4.6.1/avr5/libgcc.a(_clear_bss.o)
 *(.data*)
 *(.rodata)
 *(.rodata*)
 *(.gnu.linkonce.d*)
                0x00800100                . = ALIGN (0x2)
                0x00800100                _edata = .
                0x00800100                PROVIDE (__data_end, .)

.bss            0x00800100      0x2f2
                0x00800100                PROVIDE (__bss_start, .)
 *(.bss)
 .bss           0x00800100        0x0 /usr/lib/gcc/avr/4.6.1/../../../../avr/lib/avr5/crtm328p.o
 .bss           0x00800100        0x0 obj/Debug/adc.o
 .bss           0x00800100        0x0 obj/Debug/boot.o
 .bss           0x00800100        0x0 obj/Debug/button.o
 .bss           0x00800100        0x0 obj/Debug/digital.o
 .bss           0x00800100        0x0 obj/Debug/i2c.o
 .bss           0x00800100        0x0 obj/Debug/kernel.o
 .bss           0x00800100        0x0 obj/Debug/main.o
 .bss           0x00800100        0x0 obj/Debug/pwm.o
 .bss           0x00800100        0x0 obj/Debug/robot.o
 .bss           0x00800100        0x0 obj/Debug/thread.o
 .bss           0x00800100        0x0 obj/Debug/uart.o
 .bss           0x00800100        0x0 /usr/lib/gcc/avr/4.6.1/avr5/libgcc.a(_exit.o)
 .bss           0x00800100        0x0 /usr/lib/gcc/avr/4.6.1/avr5/libgcc.a(_copy_data.o)
 .bss           0x00800100        0x0 /usr/lib/gcc/avr/4.6.1/avr5/libgcc.a(_clear_bss.o)
 *(.bss*)
 *(COMMON)
 COMMON         0x00800100      0x2f2 obj/Debug/adc.o
                0x00800100                j
                0x00800101                average
                0x00800102                read_spot
                0x00800104                filt
                0x00800105                mcp_data
                0x0080010b                led
                0x0080010c                input_buffer
                0x008003c8                once
                0x008003cb                adc
                0x008003cc                dig_count
                0x008003cf                rollAverage
                0x008003df                kernel_stack
                0x008003f2                PROVIDE (__bss_end, .)
                0x00001518                __data_load_start = LOADADDR (.data)
                0x00001518                __data_load_end = (__data_load_start + SIZEOF (.data))

.noinit         0x008003f2        0x0
                0x008003f2                PROVIDE (__noinit_start, .)
 *(.noinit*)
                0x008003f2                PROVIDE (__noinit_end, .)
                0x008003f2                _end = .
                0x008003f2                PROVIDE (__heap_start, .)

.eeprom         0x00810000        0x0
 *(.eeprom*)
                0x00810000                __eeprom_end = .

.stab           0x00000000     0x41c4
 *(.stab)
 .stab          0x00000000      0x6cc /usr/lib/gcc/avr/4.6.1/../../../../avr/lib/avr5/crtm328p.o
 .stab          0x000006cc      0x7e0 obj/Debug/adc.o
                                0x7ec (size before relaxing)
 .stab          0x00000eac      0x2e8 obj/Debug/boot.o
                                0x57c (size before relaxing)
 .stab          0x00001194      0x60c obj/Debug/button.o
                                0x8a0 (size before relaxing)
 .stab          0x000017a0      0x39c obj/Debug/digital.o
                                0x630 (size before relaxing)
 .stab          0x00001b3c      0x8a0 obj/Debug/i2c.o
                                0xb34 (size before relaxing)
 .stab          0x000023dc      0x4bc obj/Debug/kernel.o
                                0x750 (size before relaxing)
 .stab          0x00002898      0x27c obj/Debug/main.o
                                0x510 (size before relaxing)
 .stab          0x00002b14      0x6d8 obj/Debug/pwm.o
                                0x96c (size before relaxing)
 .stab          0x000031ec      0x4bc obj/Debug/robot.o
                                0x750 (size before relaxing)
 .stab          0x000036a8      0x3cc obj/Debug/thread.o
                                0x660 (size before relaxing)
 .stab          0x00003a74      0x5e8 obj/Debug/uart.o
                                0x87c (size before relaxing)
 .stab          0x0000405c       0x54 /usr/lib/gcc/avr/4.6.1/avr5/libgcc.a(_exit.o)
                                 0x60 (size before relaxing)
 .stab          0x000040b0       0x9c /usr/lib/gcc/avr/4.6.1/avr5/libgcc.a(_copy_data.o)
                                 0xa8 (size before relaxing)
 .stab          0x0000414c       0x78 /usr/lib/gcc/avr/4.6.1/avr5/libgcc.a(_clear_bss.o)
                                 0x84 (size before relaxing)

.stabstr        0x00000000     0x1257
 *(.stabstr)
 .stabstr       0x00000000     0x1257 /usr/lib/gcc/avr/4.6.1/../../../../avr/lib/avr5/crtm328p.o

.stab.excl
 *(.stab.excl)

.stab.exclstr
 *(.stab.exclstr)

.stab.index
 *(.stab.index)

.stab.indexstr
 *(.stab.indexstr)

.comment
 *(.comment)

.debug
 *(.debug)

.line
 *(.line)

.debug_srcinfo
 *(.debug_srcinfo)

.debug_sfnames
 *(.debug_sfnames)

.debug_aranges
 *(.debug_aranges)

.debug_pubnames
 *(.debug_pubnames)

.debug_info
 *(.debug_info)
 *(.gnu.linkonce.wi.*)

.debug_abbrev
 *(.debug_abbrev)

.debug_line
 *(.debug_line)

.debug_frame
 *(.debug_frame)

.debug_str
 *(.debug_str)

.debug_loc
 *(.debug_loc)

.debug_macinfo
 *(.debug_macinfo)
OUTPUT(bin/Debug/dev-board.elf elf32-avr)
LOAD linker stubs

Cross Reference Table

Symbol                                            File
__bad_interrupt                                   /usr/lib/gcc/avr/4.6.1/../../../../avr/lib/avr5/crtm328p.o
__bss_end                                         /usr/lib/gcc/avr/4.6.1/avr5/libgcc.a(_clear_bss.o)
__bss_start                                       /usr/lib/gcc/avr/4.6.1/avr5/libgcc.a(_clear_bss.o)
__data_end                                        /usr/lib/gcc/avr/4.6.1/avr5/libgcc.a(_copy_data.o)
__data_load_start                                 /usr/lib/gcc/avr/4.6.1/avr5/libgcc.a(_copy_data.o)
__data_start                                      /usr/lib/gcc/avr/4.6.1/avr5/libgcc.a(_copy_data.o)
__do_clear_bss                                    /usr/lib/gcc/avr/4.6.1/avr5/libgcc.a(_clear_bss.o)
                                                  obj/Debug/uart.o
                                                  obj/Debug/thread.o
                                                  obj/Debug/robot.o
                                                  obj/Debug/pwm.o
                                                  obj/Debug/main.o
                                                  obj/Debug/kernel.o
                                                  obj/Debug/i2c.o
                                                  obj/Debug/digital.o
                                                  obj/Debug/button.o
                                                  obj/Debug/boot.o
                                                  obj/Debug/adc.o
__do_copy_data                                    /usr/lib/gcc/avr/4.6.1/avr5/libgcc.a(_copy_data.o)
                                                  obj/Debug/uart.o
                                                  obj/Debug/thread.o
                                                  obj/Debug/robot.o
                                                  obj/Debug/pwm.o
                                                  obj/Debug/main.o
                                                  obj/Debug/kernel.o
                                                  obj/Debug/i2c.o
                                                  obj/Debug/digital.o
                                                  obj/Debug/button.o
                                                  obj/Debug/boot.o
                                                  obj/Debug/adc.o
__heap_end                                        /usr/lib/gcc/avr/4.6.1/../../../../avr/lib/avr5/crtm328p.o
__init                                            /usr/lib/gcc/avr/4.6.1/../../../../avr/lib/avr5/crtm328p.o
__stack                                           /usr/lib/gcc/avr/4.6.1/../../../../avr/lib/avr5/crtm328p.o
__vector_1                                        /usr/lib/gcc/avr/4.6.1/../../../../avr/lib/avr5/crtm328p.o
__vector_10                                       /usr/lib/gcc/avr/4.6.1/../../../../avr/lib/avr5/crtm328p.o
__vector_11                                       /usr/lib/gcc/avr/4.6.1/../../../../avr/lib/avr5/crtm328p.o
__vector_12                                       /usr/lib/gcc/avr/4.6.1/../../../../avr/lib/avr5/crtm328p.o
__vector_13                                       /usr/lib/gcc/avr/4.6.1/../../../../avr/lib/avr5/crtm328p.o
__vector_14                                       /usr/lib/gcc/avr/4.6.1/../../../../avr/lib/avr5/crtm328p.o
__vector_15                                       /usr/lib/gcc/avr/4.6.1/../../../../avr/lib/avr5/crtm328p.o
__vector_16                                       obj/Debug/kernel.o
                                                  /usr/lib/gcc/avr/4.6.1/../../../../avr/lib/avr5/crtm328p.o
__vector_17                                       /usr/lib/gcc/avr/4.6.1/../../../../avr/lib/avr5/crtm328p.o
__vector_18                                       obj/Debug/uart.o
                                                  /usr/lib/gcc/avr/4.6.1/../../../../avr/lib/avr5/crtm328p.o
__vector_19                                       /usr/lib/gcc/avr/4.6.1/../../../../avr/lib/avr5/crtm328p.o
__vector_2                                        /usr/lib/gcc/avr/4.6.1/../../../../avr/lib/avr5/crtm328p.o
__vector_20                                       /usr/lib/gcc/avr/4.6.1/../../../../avr/lib/avr5/crtm328p.o
__vector_21                                       obj/Debug/adc.o
                                                  /usr/lib/gcc/avr/4.6.1/../../../../avr/lib/avr5/crtm328p.o
__vector_22                                       /usr/lib/gcc/avr/4.6.1/../../../../avr/lib/avr5/crtm328p.o
__vector_23                                       /usr/lib/gcc/avr/4.6.1/../../../../avr/lib/avr5/crtm328p.o
__vector_24                                       /usr/lib/gcc/avr/4.6.1/../../../../avr/lib/avr5/crtm328p.o
__vector_25                                       /usr/lib/gcc/avr/4.6.1/../../../../avr/lib/avr5/crtm328p.o
__vector_3                                        /usr/lib/gcc/avr/4.6.1/../../../../avr/lib/avr5/crtm328p.o
__vector_4                                        /usr/lib/gcc/avr/4.6.1/../../../../avr/lib/avr5/crtm328p.o
__vector_5                                        /usr/lib/gcc/avr/4.6.1/../../../../avr/lib/avr5/crtm328p.o
__vector_6                                        /usr/lib/gcc/avr/4.6.1/../../../../avr/lib/avr5/crtm328p.o
__vector_7                                        /usr/lib/gcc/avr/4.6.1/../../../../avr/lib/avr5/crtm328p.o
__vector_8                                        /usr/lib/gcc/avr/4.6.1/../../../../avr/lib/avr5/crtm328p.o
__vector_9                                        obj/Debug/button.o
                                                  /usr/lib/gcc/avr/4.6.1/../../../../avr/lib/avr5/crtm328p.o
__vector_default                                  /usr/lib/gcc/avr/4.6.1/../../../../avr/lib/avr5/crtm328p.o
__vectors                                         /usr/lib/gcc/avr/4.6.1/../../../../avr/lib/avr5/crtm328p.o
_exit                                             /usr/lib/gcc/avr/4.6.1/avr5/libgcc.a(_exit.o)
adc                                               obj/Debug/uart.o
                                                  obj/Debug/thread.o
                                                  obj/Debug/robot.o
                                                  obj/Debug/pwm.o
                                                  obj/Debug/main.o
                                                  obj/Debug/kernel.o
                                                  obj/Debug/i2c.o
                                                  obj/Debug/digital.o
                                                  obj/Debug/button.o
                                                  obj/Debug/boot.o
                                                  obj/Debug/adc.o
adc_change                                        obj/Debug/adc.o
adc_start                                         obj/Debug/adc.o
                                                  obj/Debug/boot.o
adc_stop                                          obj/Debug/adc.o
average                                           obj/Debug/uart.o
                                                  obj/Debug/thread.o
                                                  obj/Debug/robot.o
                                                  obj/Debug/pwm.o
                                                  obj/Debug/main.o
                                                  obj/Debug/kernel.o
                                                  obj/Debug/i2c.o
                                                  obj/Debug/digital.o
                                                  obj/Debug/button.o
                                                  obj/Debug/boot.o
                                                  obj/Debug/adc.o
bios                                              obj/Debug/boot.o
                                                  obj/Debug/main.o
button                                            obj/Debug/button.o
button1_once                                      obj/Debug/robot.o
                                                  obj/Debug/button.o
button2_once                                      obj/Debug/robot.o
                                                  obj/Debug/button.o
button3_once                                      obj/Debug/robot.o
                                                  obj/Debug/button.o
check_buttons                                     obj/Debug/button.o
dig_count                                         obj/Debug/uart.o
                                                  obj/Debug/thread.o
                                                  obj/Debug/robot.o
                                                  obj/Debug/pwm.o
                                                  obj/Debug/main.o
                                                  obj/Debug/kernel.o
                                                  obj/Debug/i2c.o
                                                  obj/Debug/digital.o
                                                  obj/Debug/button.o
                                                  obj/Debug/boot.o
                                                  obj/Debug/adc.o
exit                                              /usr/lib/gcc/avr/4.6.1/avr5/libgcc.a(_exit.o)
                                                  /usr/lib/gcc/avr/4.6.1/../../../../avr/lib/avr5/crtm328p.o
filt                                              obj/Debug/uart.o
                                                  obj/Debug/thread.o
                                                  obj/Debug/robot.o
                                                  obj/Debug/pwm.o
                                                  obj/Debug/main.o
                                                  obj/Debug/kernel.o
                                                  obj/Debug/i2c.o
                                                  obj/Debug/digital.o
                                                  obj/Debug/button.o
                                                  obj/Debug/boot.o
                                                  obj/Debug/adc.o
init_buttons                                      obj/Debug/button.o
                                                  obj/Debug/boot.o
init_kernel                                       obj/Debug/kernel.o
                                                  obj/Debug/boot.o
init_out                                          obj/Debug/digital.o
                                                  obj/Debug/robot.o
init_sensors                                      obj/Debug/robot.o
                                                  obj/Debug/boot.o
input_buffer                                      obj/Debug/uart.o
                                                  obj/Debug/thread.o
                                                  obj/Debug/robot.o
                                                  obj/Debug/pwm.o
                                                  obj/Debug/main.o
                                                  obj/Debug/kernel.o
                                                  obj/Debug/i2c.o
                                                  obj/Debug/digital.o
                                                  obj/Debug/button.o
                                                  obj/Debug/boot.o
                                                  obj/Debug/adc.o
j                                                 obj/Debug/uart.o
                                                  obj/Debug/thread.o
                                                  obj/Debug/robot.o
                                                  obj/Debug/pwm.o
                                                  obj/Debug/main.o
                                                  obj/Debug/kernel.o
                                                  obj/Debug/i2c.o
                                                  obj/Debug/digital.o
                                                  obj/Debug/button.o
                                                  obj/Debug/boot.o
                                                  obj/Debug/adc.o
kernel_core                                       obj/Debug/kernel.o
kernel_stack                                      obj/Debug/uart.o
                                                  obj/Debug/thread.o
                                                  obj/Debug/robot.o
                                                  obj/Debug/pwm.o
                                                  obj/Debug/main.o
                                                  obj/Debug/kernel.o
                                                  obj/Debug/i2c.o
                                                  obj/Debug/digital.o
                                                  obj/Debug/button.o
                                                  obj/Debug/boot.o
                                                  obj/Debug/adc.o
led                                               obj/Debug/uart.o
                                                  obj/Debug/thread.o
                                                  obj/Debug/robot.o
                                                  obj/Debug/pwm.o
                                                  obj/Debug/main.o
                                                  obj/Debug/kernel.o
                                                  obj/Debug/i2c.o
                                                  obj/Debug/digital.o
                                                  obj/Debug/button.o
                                                  obj/Debug/boot.o
                                                  obj/Debug/adc.o
main                                              obj/Debug/main.o
                                                  /usr/lib/gcc/avr/4.6.1/../../../../avr/lib/avr5/crtm328p.o
mcp_data                                          obj/Debug/uart.o
                                                  obj/Debug/thread.o
                                                  obj/Debug/robot.o
                                                  obj/Debug/pwm.o
                                                  obj/Debug/main.o
                                                  obj/Debug/kernel.o
                                                  obj/Debug/i2c.o
                                                  obj/Debug/digital.o
                                                  obj/Debug/button.o
                                                  obj/Debug/boot.o
                                                  obj/Debug/adc.o
once                                              obj/Debug/uart.o
                                                  obj/Debug/thread.o
                                                  obj/Debug/robot.o
                                                  obj/Debug/pwm.o
                                                  obj/Debug/main.o
                                                  obj/Debug/kernel.o
                                                  obj/Debug/i2c.o
                                                  obj/Debug/digital.o
                                                  obj/Debug/button.o
                                                  obj/Debug/boot.o
                                                  obj/Debug/adc.o
out                                               obj/Debug/digital.o
pwm0A                                             obj/Debug/pwm.o
pwm0B                                             obj/Debug/pwm.o
pwm1A                                             obj/Debug/pwm.o
                                                  obj/Debug/thread.o
pwm1B                                             obj/Debug/pwm.o
pwm2A                                             obj/Debug/pwm.o
pwm2B                                             obj/Debug/pwm.o
pwm_setup                                         obj/Debug/pwm.o
                                                  obj/Debug/boot.o
read_spot                                         obj/Debug/uart.o
                                                  obj/Debug/thread.o
                                                  obj/Debug/robot.o
                                                  obj/Debug/pwm.o
                                                  obj/Debug/main.o
                                                  obj/Debug/kernel.o
                                                  obj/Debug/i2c.o
                                                  obj/Debug/digital.o
                                                  obj/Debug/button.o
                                                  obj/Debug/boot.o
                                                  obj/Debug/adc.o
rollAverage                                       obj/Debug/uart.o
                                                  obj/Debug/thread.o
                                                  obj/Debug/robot.o
                                                  obj/Debug/pwm.o
                                                  obj/Debug/main.o
                                                  obj/Debug/kernel.o
                                                  obj/Debug/i2c.o
                                                  obj/Debug/digital.o
                                                  obj/Debug/button.o
                                                  obj/Debug/boot.o
                                                  obj/Debug/adc.o
thread0                                           obj/Debug/thread.o
                                                  obj/Debug/kernel.o
thread1                                           obj/Debug/thread.o
                                                  obj/Debug/kernel.o
thread2                                           obj/Debug/thread.o
                                                  obj/Debug/kernel.o
thread3                                           obj/Debug/thread.o
                                                  obj/Debug/kernel.o
thread4                                           obj/Debug/thread.o
                                                  obj/Debug/kernel.o
twi_mcp_dac                                       obj/Debug/i2c.o
twi_mcp_read                                      obj/Debug/i2c.o
twi_start                                         obj/Debug/i2c.o
                                                  obj/Debug/boot.o
twi_tran                                          obj/Debug/i2c.o
uart_get                                          obj/Debug/uart.o
uart_sendint                                      obj/Debug/uart.o
uart_sendint16                                    obj/Debug/uart.o
uart_sendstr                                      obj/Debug/uart.o
uart_start                                        obj/Debug/uart.o
                                                  obj/Debug/boot.o
ultrasound_filter                                 obj/Debug/robot.o
